Sep 13 16:14:18 dardeshana-VirtualBox rsyslogd: [origin software="rsyslogd" swVersion="8.16.0" x-pid="689" x-info="http://www.rsyslog.com"] start
Sep 13 16:14:18 dardeshana-VirtualBox rsyslogd-2222: command 'KLogPermitNonKernelFacility' is currently not permitted - did you already set it via a RainerScript command (v6+ config)? [v8.16.0 try http://www.rsyslog.com/e/2222 ]
Sep 13 16:14:18 dardeshana-VirtualBox rsyslogd: rsyslogd's groupid changed to 108
Sep 13 16:14:18 dardeshana-VirtualBox rsyslogd: rsyslogd's userid changed to 104
Sep 13 16:14:18 dardeshana-VirtualBox rsyslogd-2039: Could not open output pipe '/dev/xconsole':: No such file or directory [v8.16.0 try http://www.rsyslog.com/e/2039 ]
Sep 13 16:14:18 dardeshana-VirtualBox rsyslogd-2007: action 'action 10' suspended, next retry is Wed Sep 13 16:14:48 2017 [v8.16.0 try http://www.rsyslog.com/e/2007 ]
Sep 13 16:14:18 dardeshana-VirtualBox kernel: [    0.000000] Linux version 4.10.0-28-generic (buildd@lgw01-12) (gcc version 5.4.0 20160609 (Ubuntu 5.4.0-6ubuntu1~16.04.4) ) #32~16.04.2-Ubuntu SMP Thu Jul 20 10:19:48 UTC 2017 (Ubuntu 4.10.0-28.32~16.04.2-generic 4.10.17)
Sep 13 16:14:18 dardeshana-VirtualBox kernel: [    0.000000] Command line: BOOT_IMAGE=/boot/vmlinuz-4.10.0-28-generic root=UUID=13f80f4f-af3f-4531-ae29-df231230c248 ro quiet splash
Sep 13 16:14:18 dardeshana-VirtualBox kernel: [    0.000000] KERNEL supported cpus:
Sep 13 16:14:18 dardeshana-VirtualBox kernel: [    0.000000]   Intel GenuineIntel
Sep 13 16:14:18 dardeshana-VirtualBox kernel: [    0.000000]   AMD AuthenticAMD
Sep 13 16:14:18 dardeshana-VirtualBox kernel: [    0.000000]   Centaur CentaurHauls
Sep 13 16:14:18 dardeshana-VirtualBox kernel: [    0.000000] x86/fpu: Supporting XSAVE feature 0x001: 'x87 floating point registers'
Sep 13 16:14:18 dardeshana-VirtualBox kernel: [    0.000000] x86/fpu: Supporting XSAVE feature 0x002: 'SSE registers'
Sep 13 16:14:18 dardeshana-VirtualBox kernel: [    0.000000] x86/fpu: Supporting XSAVE feature 0x004: 'AVX registers'
Sep 13 16:14:18 dardeshana-VirtualBox kernel: [    0.000000] x86/fpu: xstate_offset[2]:  576, xstate_sizes[2]:  256
Sep 13 16:14:18 dardeshana-VirtualBox kernel: [    0.000000] x86/fpu: Enabled xstate features 0x7, context size is 832 bytes, using 'standard' format.
Sep 13 16:14:18 dardeshana-VirtualBox kernel: [    0.000000] e820: BIOS-provided physical RAM map:
Sep 13 16:14:18 dardeshana-VirtualBox kernel: [    0.000000] BIOS-e820: [mem 0x0000000000000000-0x000000000009fbff] usable
Sep 13 16:14:18 dardeshana-VirtualBox kernel: [    0.000000] BIOS-e820: [mem 0x000000000009fc00-0x000000000009ffff] reserved
Sep 13 16:14:18 dardeshana-VirtualBox kernel: [    0.000000] BIOS-e820: [mem 0x00000000000f0000-0x00000000000fffff] reserved
Sep 13 16:14:18 dardeshana-VirtualBox kernel: [    0.000000] BIOS-e820: [mem 0x0000000000100000-0x00000000dffeffff] usable
Sep 13 16:14:18 dardeshana-VirtualBox kernel: [    0.000000] BIOS-e820: [mem 0x00000000dfff0000-0x00000000dfffffff] ACPI data
Sep 13 16:14:18 dardeshana-VirtualBox kernel: [    0.000000] BIOS-e820: [mem 0x00000000fec00000-0x00000000fec00fff] reserved
Sep 13 16:14:18 dardeshana-VirtualBox kernel: [    0.000000] BIOS-e820: [mem 0x00000000fee00000-0x00000000fee00fff] reserved
Sep 13 16:14:18 dardeshana-VirtualBox kernel: [    0.000000] BIOS-e820: [mem 0x00000000fffc0000-0x00000000ffffffff] reserved
Sep 13 16:14:18 dardeshana-VirtualBox kernel: [    0.000000] BIOS-e820: [mem 0x0000000100000000-0x000000011fffffff] usable
Sep 13 16:14:18 dardeshana-VirtualBox kernel: [    0.000000] NX (Execute Disable) protection: active
Sep 13 16:14:18 dardeshana-VirtualBox kernel: [    0.000000] SMBIOS 2.5 present.
Sep 13 16:14:18 dardeshana-VirtualBox kernel: [    0.000000] DMI: innotek GmbH VirtualBox/VirtualBox, BIOS VirtualBox 12/01/2006
Sep 13 16:14:18 dardeshana-VirtualBox kernel: [    0.000000] Hypervisor detected: KVM
Sep 13 16:14:18 dardeshana-VirtualBox kernel: [    0.000000] e820: update [mem 0x00000000-0x00000fff] usable ==> reserved
Sep 13 16:14:18 dardeshana-VirtualBox kernel: [    0.000000] e820: remove [mem 0x000a0000-0x000fffff] usable
Sep 13 16:14:18 dardeshana-VirtualBox kernel: [    0.000000] e820: last_pfn = 0x120000 max_arch_pfn = 0x400000000
Sep 13 16:14:18 dardeshana-VirtualBox kernel: [    0.000000] MTRR default type: uncachable
Sep 13 16:14:18 dardeshana-VirtualBox kernel: [    0.000000] MTRR variable ranges disabled:
Sep 13 16:14:18 dardeshana-VirtualBox kernel: [    0.000000] MTRR: Disabled
Sep 13 16:14:18 dardeshana-VirtualBox kernel: [    0.000000] x86/PAT: MTRRs disabled, skipping PAT initialization too.
Sep 13 16:14:18 dardeshana-VirtualBox kernel: [    0.000000] x86/PAT: Configuration [0-7]: WB  WT  UC- UC  WB  WT  UC- UC  
Sep 13 16:14:18 dardeshana-VirtualBox kernel: [    0.000000] CPU MTRRs all blank - virtualized system.
Sep 13 16:14:18 dardeshana-VirtualBox kernel: [    0.000000] e820: last_pfn = 0xdfff0 max_arch_pfn = 0x400000000
Sep 13 16:14:18 dardeshana-VirtualBox kernel: [    0.000000] found SMP MP-table at [mem 0x0009fff0-0x0009ffff] mapped at [ffff9ce74009fff0]
Sep 13 16:14:18 dardeshana-VirtualBox kernel: [    0.000000] Scanning 1 areas for low memory corruption
Sep 13 16:14:18 dardeshana-VirtualBox kernel: [    0.000000] Base memory trampoline at [ffff9ce740099000] 99000 size 24576
Sep 13 16:14:18 dardeshana-VirtualBox kernel: [    0.000000] BRK [0x3f228000, 0x3f228fff] PGTABLE
Sep 13 16:14:18 dardeshana-VirtualBox kernel: [    0.000000] BRK [0x3f229000, 0x3f229fff] PGTABLE
Sep 13 16:14:18 dardeshana-VirtualBox kernel: [    0.000000] BRK [0x3f22a000, 0x3f22afff] PGTABLE
Sep 13 16:14:18 dardeshana-VirtualBox kernel: [    0.000000] BRK [0x3f22b000, 0x3f22bfff] PGTABLE
Sep 13 16:14:18 dardeshana-VirtualBox kernel: [    0.000000] BRK [0x3f22c000, 0x3f22cfff] PGTABLE
Sep 13 16:14:18 dardeshana-VirtualBox kernel: [    0.000000] RAMDISK: [mem 0x33034000-0x35811fff]
Sep 13 16:14:18 dardeshana-VirtualBox kernel: [    0.000000] ACPI: Early table checksum verification disabled
Sep 13 16:14:18 dardeshana-VirtualBox kernel: [    0.000000] ACPI: RSDP 0x00000000000E0000 000024 (v02 VBOX  )
Sep 13 16:14:18 dardeshana-VirtualBox kernel: [    0.000000] ACPI: XSDT 0x00000000DFFF0030 00003C (v01 VBOX   VBOXXSDT 00000001 ASL  00000061)
Sep 13 16:14:18 dardeshana-VirtualBox kernel: [    0.000000] ACPI: FACP 0x00000000DFFF00F0 0000F4 (v04 VBOX   VBOXFACP 00000001 ASL  00000061)
Sep 13 16:14:18 dardeshana-VirtualBox kernel: [    0.000000] ACPI: DSDT 0x00000000DFFF0470 0021C8 (v02 VBOX   VBOXBIOS 00000002 INTL 20100528)
Sep 13 16:14:18 dardeshana-VirtualBox kernel: [    0.000000] ACPI: FACS 0x00000000DFFF0200 000040
Sep 13 16:14:18 dardeshana-VirtualBox kernel: [    0.000000] ACPI: FACS 0x00000000DFFF0200 000040
Sep 13 16:14:18 dardeshana-VirtualBox kernel: [    0.000000] ACPI: APIC 0x00000000DFFF0240 000054 (v02 VBOX   VBOXAPIC 00000001 ASL  00000061)
Sep 13 16:14:18 dardeshana-VirtualBox kernel: [    0.000000] ACPI: SSDT 0x00000000DFFF02A0 0001CC (v01 VBOX   VBOXCPUT 00000002 INTL 20100528)
Sep 13 16:14:18 dardeshana-VirtualBox kernel: [    0.000000] ACPI: Local APIC address 0xfee00000
Sep 13 16:14:18 dardeshana-VirtualBox kernel: [    0.000000] No NUMA configuration found
Sep 13 16:14:18 dardeshana-VirtualBox kernel: [    0.000000] Faking a node at [mem 0x0000000000000000-0x000000011fffffff]
Sep 13 16:14:18 dardeshana-VirtualBox kernel: [    0.000000] NODE_DATA(0) allocated [mem 0x11ffd1000-0x11fffbfff]
Sep 13 16:14:18 dardeshana-VirtualBox kernel: [    0.000000] kvm-clock: Using msrs 4b564d01 and 4b564d00
Sep 13 16:14:18 dardeshana-VirtualBox kernel: [    0.000000] kvm-clock: cpu 0, msr 1:1ff51001, primary cpu clock
Sep 13 16:14:18 dardeshana-VirtualBox kernel: [    0.000000] kvm-clock: using sched offset of 3934450107 cycles
Sep 13 16:14:18 dardeshana-VirtualBox kernel: [    0.000000] clocksource: kvm-clock: mask: 0xffffffffffffffff max_cycles: 0x1cd42e4dffb, max_idle_ns: 881590591483 ns
Sep 13 16:14:18 dardeshana-VirtualBox kernel: [    0.000000] Zone ranges:
Sep 13 16:14:18 dardeshana-VirtualBox kernel: [    0.000000]   DMA      [mem 0x0000000000001000-0x0000000000ffffff]
Sep 13 16:14:18 dardeshana-VirtualBox kernel: [    0.000000]   DMA32    [mem 0x0000000001000000-0x00000000ffffffff]
Sep 13 16:14:18 dardeshana-VirtualBox kernel: [    0.000000]   Normal   [mem 0x0000000100000000-0x000000011fffffff]
Sep 13 16:14:18 dardeshana-VirtualBox kernel: [    0.000000]   Device   empty
Sep 13 16:14:18 dardeshana-VirtualBox kernel: [    0.000000] Movable zone start for each node
Sep 13 16:14:18 dardeshana-VirtualBox kernel: [    0.000000] Early memory node ranges
Sep 13 16:14:18 dardeshana-VirtualBox kernel: [    0.000000]   node   0: [mem 0x0000000000001000-0x000000000009efff]
Sep 13 16:14:18 dardeshana-VirtualBox kernel: [    0.000000]   node   0: [mem 0x0000000000100000-0x00000000dffeffff]
Sep 13 16:14:18 dardeshana-VirtualBox kernel: [    0.000000]   node   0: [mem 0x0000000100000000-0x000000011fffffff]
Sep 13 16:14:18 dardeshana-VirtualBox kernel: [    0.000000] Initmem setup node 0 [mem 0x0000000000001000-0x000000011fffffff]
Sep 13 16:14:18 dardeshana-VirtualBox kernel: [    0.000000] On node 0 totalpages: 1048462
Sep 13 16:14:18 dardeshana-VirtualBox kernel: [    0.000000]   DMA zone: 64 pages used for memmap
Sep 13 16:14:18 dardeshana-VirtualBox kernel: [    0.000000]   DMA zone: 21 pages reserved
Sep 13 16:14:18 dardeshana-VirtualBox kernel: [    0.000000]   DMA zone: 3998 pages, LIFO batch:0
Sep 13 16:14:18 dardeshana-VirtualBox kernel: [    0.000000]   DMA32 zone: 14272 pages used for memmap
Sep 13 16:14:18 dardeshana-VirtualBox kernel: [    0.000000]   DMA32 zone: 913392 pages, LIFO batch:31
Sep 13 16:14:18 dardeshana-VirtualBox kernel: [    0.000000]   Normal zone: 2048 pages used for memmap
Sep 13 16:14:18 dardeshana-VirtualBox kernel: [    0.000000]   Normal zone: 131072 pages, LIFO batch:31
Sep 13 16:14:18 dardeshana-VirtualBox kernel: [    0.000000] ACPI: PM-Timer IO Port: 0x4008
Sep 13 16:14:18 dardeshana-VirtualBox kernel: [    0.000000] ACPI: Local APIC address 0xfee00000
Sep 13 16:14:18 dardeshana-VirtualBox kernel: [    0.000000] IOAPIC[0]: apic_id 1, version 32, address 0xfec00000, GSI 0-23
Sep 13 16:14:18 dardeshana-VirtualBox kernel: [    0.000000] ACPI: INT_SRC_OVR (bus 0 bus_irq 0 global_irq 2 dfl dfl)
Sep 13 16:14:18 dardeshana-VirtualBox kernel: [    0.000000] ACPI: INT_SRC_OVR (bus 0 bus_irq 9 global_irq 9 high level)
Sep 13 16:14:18 dardeshana-VirtualBox kernel: [    0.000000] ACPI: IRQ0 used by override.
Sep 13 16:14:18 dardeshana-VirtualBox kernel: [    0.000000] ACPI: IRQ9 used by override.
Sep 13 16:14:18 dardeshana-VirtualBox kernel: [    0.000000] Using ACPI (MADT) for SMP configuration information
Sep 13 16:14:18 dardeshana-VirtualBox kernel: [    0.000000] smpboot: Allowing 1 CPUs, 0 hotplug CPUs
Sep 13 16:14:18 dardeshana-VirtualBox kernel: [    0.000000] PM: Registered nosave memory: [mem 0x00000000-0x00000fff]
Sep 13 16:14:18 dardeshana-VirtualBox kernel: [    0.000000] PM: Registered nosave memory: [mem 0x0009f000-0x0009ffff]
Sep 13 16:14:18 dardeshana-VirtualBox kernel: [    0.000000] PM: Registered nosave memory: [mem 0x000a0000-0x000effff]
Sep 13 16:14:18 dardeshana-VirtualBox kernel: [    0.000000] PM: Registered nosave memory: [mem 0x000f0000-0x000fffff]
Sep 13 16:14:18 dardeshana-VirtualBox kernel: [    0.000000] PM: Registered nosave memory: [mem 0xdfff0000-0xdfffffff]
Sep 13 16:14:18 dardeshana-VirtualBox kernel: [    0.000000] PM: Registered nosave memory: [mem 0xe0000000-0xfebfffff]
Sep 13 16:14:18 dardeshana-VirtualBox kernel: [    0.000000] PM: Registered nosave memory: [mem 0xfec00000-0xfec00fff]
Sep 13 16:14:18 dardeshana-VirtualBox kernel: [    0.000000] PM: Registered nosave memory: [mem 0xfec01000-0xfedfffff]
Sep 13 16:14:18 dardeshana-VirtualBox kernel: [    0.000000] PM: Registered nosave memory: [mem 0xfee00000-0xfee00fff]
Sep 13 16:14:18 dardeshana-VirtualBox kernel: [    0.000000] PM: Registered nosave memory: [mem 0xfee01000-0xfffbffff]
Sep 13 16:14:18 dardeshana-VirtualBox kernel: [    0.000000] PM: Registered nosave memory: [mem 0xfffc0000-0xffffffff]
Sep 13 16:14:18 dardeshana-VirtualBox kernel: [    0.000000] e820: [mem 0xe0000000-0xfebfffff] available for PCI devices
Sep 13 16:14:18 dardeshana-VirtualBox kernel: [    0.000000] Booting paravirtualized kernel on KVM
Sep 13 16:14:18 dardeshana-VirtualBox kernel: [    0.000000] clocksource: refined-jiffies: mask: 0xffffffff max_cycles: 0xffffffff, max_idle_ns: 7645519600211568 ns
Sep 13 16:14:18 dardeshana-VirtualBox kernel: [    0.000000] setup_percpu: NR_CPUS:8192 nr_cpumask_bits:1 nr_cpu_ids:1 nr_node_ids:1
Sep 13 16:14:18 dardeshana-VirtualBox kernel: [    0.000000] percpu: Embedded 36 pages/cpu @ffff9ce85fc00000 s107992 r8192 d31272 u2097152
Sep 13 16:14:18 dardeshana-VirtualBox kernel: [    0.000000] pcpu-alloc: s107992 r8192 d31272 u2097152 alloc=1*2097152
Sep 13 16:14:18 dardeshana-VirtualBox kernel: [    0.000000] pcpu-alloc: [0] 0 
Sep 13 16:14:18 dardeshana-VirtualBox kernel: [    0.000000] PV qspinlock hash table entries: 256 (order: 0, 4096 bytes)
Sep 13 16:14:18 dardeshana-VirtualBox kernel: [    0.000000] Built 1 zonelists in Node order, mobility grouping on.  Total pages: 1032057
Sep 13 16:14:18 dardeshana-VirtualBox kernel: [    0.000000] Policy zone: Normal
Sep 13 16:14:18 dardeshana-VirtualBox kernel: [    0.000000] Kernel command line: BOOT_IMAGE=/boot/vmlinuz-4.10.0-28-generic root=UUID=13f80f4f-af3f-4531-ae29-df231230c248 ro quiet splash
Sep 13 16:14:18 dardeshana-VirtualBox kernel: [    0.000000] PID hash table entries: 4096 (order: 3, 32768 bytes)
Sep 13 16:14:18 dardeshana-VirtualBox kernel: [    0.000000] Calgary: detecting Calgary via BIOS EBDA area
Sep 13 16:14:18 dardeshana-VirtualBox kernel: [    0.000000] Calgary: Unable to locate Rio Grande table in EBDA - bailing!
Sep 13 16:14:18 dardeshana-VirtualBox kernel: [    0.000000] Memory: 3999856K/4193848K available (9060K kernel code, 1666K rwdata, 3824K rodata, 2228K init, 2364K bss, 193992K reserved, 0K cma-reserved)
Sep 13 16:14:18 dardeshana-VirtualBox kernel: [    0.000000] SLUB: HWalign=64, Order=0-3, MinObjects=0, CPUs=1, Nodes=1
Sep 13 16:14:18 dardeshana-VirtualBox kernel: [    0.000000] Hierarchical RCU implementation.
Sep 13 16:14:18 dardeshana-VirtualBox kernel: [    0.000000] 	Build-time adjustment of leaf fanout to 64.
Sep 13 16:14:18 dardeshana-VirtualBox kernel: [    0.000000] 	RCU restricting CPUs from NR_CPUS=8192 to nr_cpu_ids=1.
Sep 13 16:14:18 dardeshana-VirtualBox kernel: [    0.000000] RCU: Adjusting geometry for rcu_fanout_leaf=64, nr_cpu_ids=1
Sep 13 16:14:18 dardeshana-VirtualBox kernel: [    0.000000] NR_IRQS:524544 nr_irqs:256 16
Sep 13 16:14:18 dardeshana-VirtualBox kernel: [    0.000000] Console: colour VGA+ 80x25
Sep 13 16:14:18 dardeshana-VirtualBox kernel: [    0.000000] console [tty0] enabled
Sep 13 16:14:18 dardeshana-VirtualBox kernel: [    0.000000] tsc: Detected 2600.000 MHz processor
Sep 13 16:14:18 dardeshana-VirtualBox kernel: [    0.121464] Calibrating delay loop (skipped) preset value.. 5200.00 BogoMIPS (lpj=10400000)
Sep 13 16:14:18 dardeshana-VirtualBox kernel: [    0.121466] pid_max: default: 32768 minimum: 301
Sep 13 16:14:18 dardeshana-VirtualBox kernel: [    0.121475] ACPI: Core revision 20160930
Sep 13 16:14:18 dardeshana-VirtualBox kernel: [    0.122261] ACPI: 2 ACPI AML tables successfully acquired and loaded
Sep 13 16:14:18 dardeshana-VirtualBox kernel: [    0.122282] Security Framework initialized
Sep 13 16:14:18 dardeshana-VirtualBox kernel: [    0.122283] Yama: becoming mindful.
Sep 13 16:14:18 dardeshana-VirtualBox kernel: [    0.122293] AppArmor: AppArmor initialized
Sep 13 16:14:18 dardeshana-VirtualBox kernel: [    0.123779] Dentry cache hash table entries: 524288 (order: 10, 4194304 bytes)
Sep 13 16:14:18 dardeshana-VirtualBox kernel: [    0.126956] Inode-cache hash table entries: 262144 (order: 9, 2097152 bytes)
Sep 13 16:14:18 dardeshana-VirtualBox kernel: [    0.127210] Mount-cache hash table entries: 8192 (order: 4, 65536 bytes)
Sep 13 16:14:18 dardeshana-VirtualBox kernel: [    0.127214] Mountpoint-cache hash table entries: 8192 (order: 4, 65536 bytes)
Sep 13 16:14:18 dardeshana-VirtualBox kernel: [    0.127427] CPU: Physical Processor ID: 0
Sep 13 16:14:18 dardeshana-VirtualBox kernel: [    0.127441] mce: CPU supports 0 MCE banks
Sep 13 16:14:18 dardeshana-VirtualBox kernel: [    0.127459] process: using mwait in idle threads
Sep 13 16:14:18 dardeshana-VirtualBox kernel: [    0.127463] Last level iTLB entries: 4KB 1024, 2MB 1024, 4MB 1024
Sep 13 16:14:18 dardeshana-VirtualBox kernel: [    0.127463] Last level dTLB entries: 4KB 1024, 2MB 1024, 4MB 1024, 1GB 4
Sep 13 16:14:18 dardeshana-VirtualBox kernel: [    0.142077] Freeing SMP alternatives memory: 32K
Sep 13 16:14:18 dardeshana-VirtualBox kernel: [    0.143029] ftrace: allocating 34206 entries in 134 pages
Sep 13 16:14:18 dardeshana-VirtualBox kernel: [    0.156471] smpboot: Max logical packages: 1
Sep 13 16:14:18 dardeshana-VirtualBox kernel: [    0.156755] x2apic enabled
Sep 13 16:14:18 dardeshana-VirtualBox kernel: [    0.156962] Switched APIC routing to physical x2apic.
Sep 13 16:14:18 dardeshana-VirtualBox kernel: [    0.157980] ..TIMER: vector=0x30 apic1=0 pin1=2 apic2=-1 pin2=-1
Sep 13 16:14:18 dardeshana-VirtualBox kernel: [    0.261976] smpboot: CPU0: Intel(R) Core(TM) i5-4278U CPU @ 2.60GHz (family: 0x6, model: 0x45, stepping: 0x1)
Sep 13 16:14:18 dardeshana-VirtualBox kernel: [    0.262032] Performance Events: unsupported p6 CPU model 69 no PMU driver, software events only.
Sep 13 16:14:18 dardeshana-VirtualBox kernel: [    0.262055] KVM setup paravirtual spinlock
Sep 13 16:14:18 dardeshana-VirtualBox kernel: [    0.263919] smp: Bringing up secondary CPUs ...
Sep 13 16:14:18 dardeshana-VirtualBox kernel: [    0.263921] smp: Brought up 1 node, 1 CPU
Sep 13 16:14:18 dardeshana-VirtualBox kernel: [    0.263922] smpboot: Total of 1 processors activated (5200.00 BogoMIPS)
Sep 13 16:14:18 dardeshana-VirtualBox kernel: [    0.264298] devtmpfs: initialized
Sep 13 16:14:18 dardeshana-VirtualBox kernel: [    0.264344] x86/mm: Memory block size: 128MB
Sep 13 16:14:18 dardeshana-VirtualBox kernel: [    0.265692] evm: security.selinux
Sep 13 16:14:18 dardeshana-VirtualBox kernel: [    0.265693] evm: security.SMACK64
Sep 13 16:14:18 dardeshana-VirtualBox kernel: [    0.265693] evm: security.SMACK64EXEC
Sep 13 16:14:18 dardeshana-VirtualBox kernel: [    0.265693] evm: security.SMACK64TRANSMUTE
Sep 13 16:14:18 dardeshana-VirtualBox kernel: [    0.265694] evm: security.SMACK64MMAP
Sep 13 16:14:18 dardeshana-VirtualBox kernel: [    0.265694] evm: security.ima
Sep 13 16:14:18 dardeshana-VirtualBox kernel: [    0.265695] evm: security.capability
Sep 13 16:14:18 dardeshana-VirtualBox kernel: [    0.265757] clocksource: jiffies: mask: 0xffffffff max_cycles: 0xffffffff, max_idle_ns: 7645041785100000 ns
Sep 13 16:14:18 dardeshana-VirtualBox kernel: [    0.265761] futex hash table entries: 256 (order: 2, 16384 bytes)
Sep 13 16:14:18 dardeshana-VirtualBox kernel: [    0.265781] pinctrl core: initialized pinctrl subsystem
Sep 13 16:14:18 dardeshana-VirtualBox kernel: [    0.265870] RTC time: 20:14:09, date: 09/13/17
Sep 13 16:14:18 dardeshana-VirtualBox kernel: [    0.265950] NET: Registered protocol family 16
Sep 13 16:14:18 dardeshana-VirtualBox kernel: [    0.266094] cpuidle: using governor ladder
Sep 13 16:14:18 dardeshana-VirtualBox kernel: [    0.266094] cpuidle: using governor menu
Sep 13 16:14:18 dardeshana-VirtualBox kernel: [    0.266096] PCCT header not found.
Sep 13 16:14:18 dardeshana-VirtualBox kernel: [    0.266114] ACPI: bus type PCI registered
Sep 13 16:14:18 dardeshana-VirtualBox kernel: [    0.266116] acpiphp: ACPI Hot Plug PCI Controller Driver version: 0.5
Sep 13 16:14:18 dardeshana-VirtualBox kernel: [    0.266225] PCI: Using configuration type 1 for base access
Sep 13 16:14:18 dardeshana-VirtualBox kernel: [    0.267125] HugeTLB registered 2 MB page size, pre-allocated 0 pages
Sep 13 16:14:18 dardeshana-VirtualBox kernel: [    0.267305] ACPI: Added _OSI(Module Device)
Sep 13 16:14:18 dardeshana-VirtualBox kernel: [    0.267306] ACPI: Added _OSI(Processor Device)
Sep 13 16:14:18 dardeshana-VirtualBox kernel: [    0.267307] ACPI: Added _OSI(3.0 _SCP Extensions)
Sep 13 16:14:18 dardeshana-VirtualBox kernel: [    0.267307] ACPI: Added _OSI(Processor Aggregator Device)
Sep 13 16:14:18 dardeshana-VirtualBox kernel: [    0.267578] ACPI: Executed 1 blocks of module-level executable AML code
Sep 13 16:14:18 dardeshana-VirtualBox kernel: [    0.269582] ACPI: Interpreter enabled
Sep 13 16:14:18 dardeshana-VirtualBox kernel: [    0.269590] ACPI: (supports S0 S5)
Sep 13 16:14:18 dardeshana-VirtualBox kernel: [    0.269591] ACPI: Using IOAPIC for interrupt routing
Sep 13 16:14:18 dardeshana-VirtualBox kernel: [    0.269794] PCI: Using host bridge windows from ACPI; if necessary, use "pci=nocrs" and report a bug
Sep 13 16:14:18 dardeshana-VirtualBox kernel: [    0.273221] ACPI: PCI Root Bridge [PCI0] (domain 0000 [bus 00-ff])
Sep 13 16:14:18 dardeshana-VirtualBox kernel: [    0.273225] acpi PNP0A03:00: _OSC: OS supports [ASPM ClockPM Segments MSI]
Sep 13 16:14:18 dardeshana-VirtualBox kernel: [    0.273228] acpi PNP0A03:00: _OSC failed (AE_NOT_FOUND); disabling ASPM
Sep 13 16:14:18 dardeshana-VirtualBox kernel: [    0.273233] acpi PNP0A03:00: fail to add MMCONFIG information, can't access extended PCI configuration space under this bridge.
Sep 13 16:14:18 dardeshana-VirtualBox kernel: [    0.273472] PCI host bridge to bus 0000:00
Sep 13 16:14:18 dardeshana-VirtualBox kernel: [    0.273474] pci_bus 0000:00: root bus resource [io  0x0000-0x0cf7 window]
Sep 13 16:14:18 dardeshana-VirtualBox kernel: [    0.273475] pci_bus 0000:00: root bus resource [io  0x0d00-0xffff window]
Sep 13 16:14:18 dardeshana-VirtualBox kernel: [    0.273475] pci_bus 0000:00: root bus resource [mem 0x000a0000-0x000bffff window]
Sep 13 16:14:18 dardeshana-VirtualBox kernel: [    0.273476] pci_bus 0000:00: root bus resource [mem 0xe0000000-0xffdfffff window]
Sep 13 16:14:18 dardeshana-VirtualBox kernel: [    0.273477] pci_bus 0000:00: root bus resource [bus 00-ff]
Sep 13 16:14:18 dardeshana-VirtualBox kernel: [    0.273511] pci 0000:00:00.0: [8086:1237] type 00 class 0x060000
Sep 13 16:14:18 dardeshana-VirtualBox kernel: [    0.273950] pci 0000:00:01.0: [8086:7000] type 00 class 0x060100
Sep 13 16:14:18 dardeshana-VirtualBox kernel: [    0.274520] pci 0000:00:01.1: [8086:7111] type 00 class 0x01018a
Sep 13 16:14:18 dardeshana-VirtualBox kernel: [    0.274857] pci 0000:00:01.1: reg 0x20: [io  0xd000-0xd00f]
Sep 13 16:14:18 dardeshana-VirtualBox kernel: [    0.275001] pci 0000:00:01.1: legacy IDE quirk: reg 0x10: [io  0x01f0-0x01f7]
Sep 13 16:14:18 dardeshana-VirtualBox kernel: [    0.275002] pci 0000:00:01.1: legacy IDE quirk: reg 0x14: [io  0x03f6]
Sep 13 16:14:18 dardeshana-VirtualBox kernel: [    0.275002] pci 0000:00:01.1: legacy IDE quirk: reg 0x18: [io  0x0170-0x0177]
Sep 13 16:14:18 dardeshana-VirtualBox kernel: [    0.275003] pci 0000:00:01.1: legacy IDE quirk: reg 0x1c: [io  0x0376]
Sep 13 16:14:18 dardeshana-VirtualBox kernel: [    0.275186] pci 0000:00:02.0: [80ee:beef] type 00 class 0x030000
Sep 13 16:14:18 dardeshana-VirtualBox kernel: [    0.277363] pci 0000:00:02.0: reg 0x10: [mem 0xe0000000-0xe0ffffff pref]
Sep 13 16:14:18 dardeshana-VirtualBox kernel: [    0.291144] pci 0000:00:03.0: [8086:100e] type 00 class 0x020000
Sep 13 16:14:18 dardeshana-VirtualBox kernel: [    0.293238] pci 0000:00:03.0: reg 0x10: [mem 0xf0000000-0xf001ffff]
Sep 13 16:14:18 dardeshana-VirtualBox kernel: [    0.297341] pci 0000:00:03.0: reg 0x18: [io  0xd010-0xd017]
Sep 13 16:14:18 dardeshana-VirtualBox kernel: [    0.306170] pci 0000:00:04.0: [80ee:cafe] type 00 class 0x088000
Sep 13 16:14:18 dardeshana-VirtualBox kernel: [    0.308189] pci 0000:00:04.0: reg 0x10: [io  0xd020-0xd03f]
Sep 13 16:14:18 dardeshana-VirtualBox kernel: [    0.310298] pci 0000:00:04.0: reg 0x14: [mem 0xf0400000-0xf07fffff]
Sep 13 16:14:18 dardeshana-VirtualBox kernel: [    0.312310] pci 0000:00:04.0: reg 0x18: [mem 0xf0800000-0xf0803fff pref]
Sep 13 16:14:18 dardeshana-VirtualBox kernel: [    0.322461] pci 0000:00:05.0: [8086:2415] type 00 class 0x040100
Sep 13 16:14:18 dardeshana-VirtualBox kernel: [    0.322591] pci 0000:00:05.0: reg 0x10: [io  0xd100-0xd1ff]
Sep 13 16:14:18 dardeshana-VirtualBox kernel: [    0.322705] pci 0000:00:05.0: reg 0x14: [io  0xd200-0xd23f]
Sep 13 16:14:18 dardeshana-VirtualBox kernel: [    0.323457] pci 0000:00:06.0: [106b:003f] type 00 class 0x0c0310
Sep 13 16:14:18 dardeshana-VirtualBox kernel: [    0.326171] pci 0000:00:06.0: reg 0x10: [mem 0xf0804000-0xf0804fff]
Sep 13 16:14:18 dardeshana-VirtualBox kernel: [    0.341616] pci 0000:00:07.0: [8086:7113] type 00 class 0x068000
Sep 13 16:14:18 dardeshana-VirtualBox kernel: [    0.342024] pci 0000:00:07.0: quirk: [io  0x4000-0x403f] claimed by PIIX4 ACPI
Sep 13 16:14:18 dardeshana-VirtualBox kernel: [    0.342033] pci 0000:00:07.0: quirk: [io  0x4100-0x410f] claimed by PIIX4 SMB
Sep 13 16:14:18 dardeshana-VirtualBox kernel: [    0.342323] pci 0000:00:0d.0: [8086:2829] type 00 class 0x010601
Sep 13 16:14:18 dardeshana-VirtualBox kernel: [    0.345334] pci 0000:00:0d.0: reg 0x10: [io  0xd240-0xd247]
Sep 13 16:14:18 dardeshana-VirtualBox kernel: [    0.353009] pci 0000:00:0d.0: reg 0x18: [io  0xd250-0xd257]
Sep 13 16:14:18 dardeshana-VirtualBox kernel: [    0.357330] pci 0000:00:0d.0: reg 0x20: [io  0xd260-0xd26f]
Sep 13 16:14:18 dardeshana-VirtualBox kernel: [    0.359446] pci 0000:00:0d.0: reg 0x24: [mem 0xf0806000-0xf0807fff]
Sep 13 16:14:18 dardeshana-VirtualBox kernel: [    0.363052] ACPI: PCI Interrupt Link [LNKA] (IRQs 5 9 10 *11)
Sep 13 16:14:18 dardeshana-VirtualBox kernel: [    0.363224] ACPI: PCI Interrupt Link [LNKB] (IRQs 5 9 10 *11)
Sep 13 16:14:18 dardeshana-VirtualBox kernel: [    0.363295] ACPI: PCI Interrupt Link [LNKC] (IRQs 5 9 *10 11)
Sep 13 16:14:18 dardeshana-VirtualBox kernel: [    0.363365] ACPI: PCI Interrupt Link [LNKD] (IRQs 5 *9 10 11)
Sep 13 16:14:18 dardeshana-VirtualBox kernel: [    0.363478] ACPI: Enabled 2 GPEs in block 00 to 07
Sep 13 16:14:18 dardeshana-VirtualBox kernel: [    0.363753] SCSI subsystem initialized
Sep 13 16:14:18 dardeshana-VirtualBox kernel: [    0.363805] libata version 3.00 loaded.
Sep 13 16:14:18 dardeshana-VirtualBox kernel: [    0.363855] pci 0000:00:02.0: vgaarb: setting as boot VGA device
Sep 13 16:14:18 dardeshana-VirtualBox kernel: [    0.363859] pci 0000:00:02.0: vgaarb: VGA device added: decodes=io+mem,owns=io+mem,locks=none
Sep 13 16:14:18 dardeshana-VirtualBox kernel: [    0.363861] pci 0000:00:02.0: vgaarb: bridge control possible
Sep 13 16:14:18 dardeshana-VirtualBox kernel: [    0.363861] vgaarb: loaded
Sep 13 16:14:18 dardeshana-VirtualBox kernel: [    0.363886] ACPI: bus type USB registered
Sep 13 16:14:18 dardeshana-VirtualBox kernel: [    0.363903] usbcore: registered new interface driver usbfs
Sep 13 16:14:18 dardeshana-VirtualBox kernel: [    0.363912] usbcore: registered new interface driver hub
Sep 13 16:14:18 dardeshana-VirtualBox kernel: [    0.363918] usbcore: registered new device driver usb
Sep 13 16:14:18 dardeshana-VirtualBox kernel: [    0.364009] PCI: Using ACPI for IRQ routing
Sep 13 16:14:18 dardeshana-VirtualBox kernel: [    0.364010] PCI: pci_cache_line_size set to 64 bytes
Sep 13 16:14:18 dardeshana-VirtualBox kernel: [    0.364168] e820: reserve RAM buffer [mem 0x0009fc00-0x0009ffff]
Sep 13 16:14:18 dardeshana-VirtualBox kernel: [    0.364172] e820: reserve RAM buffer [mem 0xdfff0000-0xdfffffff]
Sep 13 16:14:18 dardeshana-VirtualBox kernel: [    0.364259] NetLabel: Initializing
Sep 13 16:14:18 dardeshana-VirtualBox kernel: [    0.364260] NetLabel:  domain hash size = 128
Sep 13 16:14:18 dardeshana-VirtualBox kernel: [    0.364260] NetLabel:  protocols = UNLABELED CIPSOv4 CALIPSO
Sep 13 16:14:18 dardeshana-VirtualBox kernel: [    0.364275] NetLabel:  unlabeled traffic allowed by default
Sep 13 16:14:18 dardeshana-VirtualBox kernel: [    0.364375] clocksource: Switched to clocksource kvm-clock
Sep 13 16:14:18 dardeshana-VirtualBox kernel: [    0.376271] VFS: Disk quotas dquot_6.6.0
Sep 13 16:14:18 dardeshana-VirtualBox kernel: [    0.376289] VFS: Dquot-cache hash table entries: 512 (order 0, 4096 bytes)
Sep 13 16:14:18 dardeshana-VirtualBox kernel: [    0.376372] AppArmor: AppArmor Filesystem Enabled
Sep 13 16:14:18 dardeshana-VirtualBox kernel: [    0.376449] pnp: PnP ACPI init
Sep 13 16:14:18 dardeshana-VirtualBox kernel: [    0.376510] pnp 00:00: Plug and Play ACPI device, IDs PNP0303 (active)
Sep 13 16:14:18 dardeshana-VirtualBox kernel: [    0.376569] pnp 00:01: Plug and Play ACPI device, IDs PNP0f03 (active)
Sep 13 16:14:18 dardeshana-VirtualBox kernel: [    0.377281] pnp: PnP ACPI: found 2 devices
Sep 13 16:14:18 dardeshana-VirtualBox kernel: [    0.382663] clocksource: acpi_pm: mask: 0xffffff max_cycles: 0xffffff, max_idle_ns: 2085701024 ns
Sep 13 16:14:18 dardeshana-VirtualBox kernel: [    0.382674] pci_bus 0000:00: resource 4 [io  0x0000-0x0cf7 window]
Sep 13 16:14:18 dardeshana-VirtualBox kernel: [    0.382675] pci_bus 0000:00: resource 5 [io  0x0d00-0xffff window]
Sep 13 16:14:18 dardeshana-VirtualBox kernel: [    0.382676] pci_bus 0000:00: resource 6 [mem 0x000a0000-0x000bffff window]
Sep 13 16:14:18 dardeshana-VirtualBox kernel: [    0.382677] pci_bus 0000:00: resource 7 [mem 0xe0000000-0xffdfffff window]
Sep 13 16:14:18 dardeshana-VirtualBox kernel: [    0.382719] NET: Registered protocol family 2
Sep 13 16:14:18 dardeshana-VirtualBox kernel: [    0.384263] TCP established hash table entries: 32768 (order: 6, 262144 bytes)
Sep 13 16:14:18 dardeshana-VirtualBox kernel: [    0.384314] TCP bind hash table entries: 32768 (order: 7, 524288 bytes)
Sep 13 16:14:18 dardeshana-VirtualBox kernel: [    0.384368] TCP: Hash tables configured (established 32768 bind 32768)
Sep 13 16:14:18 dardeshana-VirtualBox kernel: [    0.384386] UDP hash table entries: 2048 (order: 4, 65536 bytes)
Sep 13 16:14:18 dardeshana-VirtualBox kernel: [    0.384397] UDP-Lite hash table entries: 2048 (order: 4, 65536 bytes)
Sep 13 16:14:18 dardeshana-VirtualBox kernel: [    0.384427] NET: Registered protocol family 1
Sep 13 16:14:18 dardeshana-VirtualBox kernel: [    0.384436] pci 0000:00:00.0: Limiting direct PCI/PCI transfers
Sep 13 16:14:18 dardeshana-VirtualBox kernel: [    0.384499] pci 0000:00:01.0: Activating ISA DMA hang workarounds
Sep 13 16:14:18 dardeshana-VirtualBox kernel: [    0.384545] pci 0000:00:02.0: Video device with shadowed ROM at [mem 0x000c0000-0x000dffff]
Sep 13 16:14:18 dardeshana-VirtualBox kernel: [    0.385571] PCI: CLS 0 bytes, default 64
Sep 13 16:14:18 dardeshana-VirtualBox kernel: [    0.385621] Unpacking initramfs...
Sep 13 16:14:18 dardeshana-VirtualBox kernel: [    0.955024] Freeing initrd memory: 40824K
Sep 13 16:14:18 dardeshana-VirtualBox kernel: [    0.955028] PCI-DMA: Using software bounce buffering for IO (SWIOTLB)
Sep 13 16:14:18 dardeshana-VirtualBox kernel: [    0.955031] software IO TLB [mem 0xdbff0000-0xdfff0000] (64MB) mapped at [ffff9ce81bff0000-ffff9ce81ffeffff]
Sep 13 16:14:18 dardeshana-VirtualBox kernel: [    0.955326] platform rtc_cmos: registered platform RTC device (no PNP device found)
Sep 13 16:14:18 dardeshana-VirtualBox kernel: [    0.955352] Scanning for low memory corruption every 60 seconds
Sep 13 16:14:18 dardeshana-VirtualBox kernel: [    0.955702] audit: initializing netlink subsys (disabled)
Sep 13 16:14:18 dardeshana-VirtualBox kernel: [    0.955952] Initialise system trusted keyrings
Sep 13 16:14:18 dardeshana-VirtualBox kernel: [    0.955971] audit: type=2000 audit(1505333655.387:1): initialized
Sep 13 16:14:18 dardeshana-VirtualBox kernel: [    0.955995] workingset: timestamp_bits=36 max_order=20 bucket_order=0
Sep 13 16:14:18 dardeshana-VirtualBox kernel: [    0.957212] zbud: loaded
Sep 13 16:14:18 dardeshana-VirtualBox kernel: [    0.957564] squashfs: version 4.0 (2009/01/31) Phillip Lougher
Sep 13 16:14:18 dardeshana-VirtualBox kernel: [    0.957697] fuse init (API version 7.26)
Sep 13 16:14:18 dardeshana-VirtualBox kernel: [    0.958205] Key type asymmetric registered
Sep 13 16:14:18 dardeshana-VirtualBox kernel: [    0.958206] Asymmetric key parser 'x509' registered
Sep 13 16:14:18 dardeshana-VirtualBox kernel: [    0.958230] Block layer SCSI generic (bsg) driver version 0.4 loaded (major 248)
Sep 13 16:14:18 dardeshana-VirtualBox kernel: [    0.958243] io scheduler noop registered
Sep 13 16:14:18 dardeshana-VirtualBox kernel: [    0.958243] io scheduler deadline registered
Sep 13 16:14:18 dardeshana-VirtualBox kernel: [    0.958253] io scheduler cfq registered (default)
Sep 13 16:14:18 dardeshana-VirtualBox kernel: [    0.958640] ACPI: AC Adapter [AC] (on-line)
Sep 13 16:14:18 dardeshana-VirtualBox kernel: [    0.958684] input: Power Button as /devices/LNXSYSTM:00/LNXPWRBN:00/input/input0
Sep 13 16:14:18 dardeshana-VirtualBox kernel: [    0.958686] ACPI: Power Button [PWRF]
Sep 13 16:14:18 dardeshana-VirtualBox kernel: [    0.958747] input: Sleep Button as /devices/LNXSYSTM:00/LNXSLPBN:00/input/input1
Sep 13 16:14:18 dardeshana-VirtualBox kernel: [    0.958748] ACPI: Sleep Button [SLPF]
Sep 13 16:14:18 dardeshana-VirtualBox kernel: [    0.958846] GHES: HEST is not enabled!
Sep 13 16:14:18 dardeshana-VirtualBox kernel: [    0.959869] ACPI: Battery Slot [BAT0] (battery present)
Sep 13 16:14:18 dardeshana-VirtualBox kernel: [    0.959902] Serial: 8250/16550 driver, 32 ports, IRQ sharing enabled
Sep 13 16:14:18 dardeshana-VirtualBox kernel: [    0.960802] Linux agpgart interface v0.103
Sep 13 16:14:18 dardeshana-VirtualBox kernel: [    0.962985] loop: module loaded
Sep 13 16:14:18 dardeshana-VirtualBox kernel: [    0.963077] ata_piix 0000:00:01.1: version 2.13
Sep 13 16:14:18 dardeshana-VirtualBox kernel: [    0.963417] scsi host0: ata_piix
Sep 13 16:14:18 dardeshana-VirtualBox kernel: [    0.963472] scsi host1: ata_piix
Sep 13 16:14:18 dardeshana-VirtualBox kernel: [    0.963497] ata1: PATA max UDMA/33 cmd 0x1f0 ctl 0x3f6 bmdma 0xd000 irq 14
Sep 13 16:14:18 dardeshana-VirtualBox kernel: [    0.963498] ata2: PATA max UDMA/33 cmd 0x170 ctl 0x376 bmdma 0xd008 irq 15
Sep 13 16:14:18 dardeshana-VirtualBox kernel: [    0.963549] libphy: Fixed MDIO Bus: probed
Sep 13 16:14:18 dardeshana-VirtualBox kernel: [    0.963550] tun: Universal TUN/TAP device driver, 1.6
Sep 13 16:14:18 dardeshana-VirtualBox kernel: [    0.963551] tun: (C) 1999-2004 Max Krasnyansky <maxk@qualcomm.com>
Sep 13 16:14:18 dardeshana-VirtualBox kernel: [    0.963816] PPP generic driver version 2.4.2
Sep 13 16:14:18 dardeshana-VirtualBox kernel: [    0.963849] ehci_hcd: USB 2.0 'Enhanced' Host Controller (EHCI) Driver
Sep 13 16:14:18 dardeshana-VirtualBox kernel: [    0.963851] ehci-pci: EHCI PCI platform driver
Sep 13 16:14:18 dardeshana-VirtualBox kernel: [    0.963861] ehci-platform: EHCI generic platform driver
Sep 13 16:14:18 dardeshana-VirtualBox kernel: [    0.963866] ohci_hcd: USB 1.1 'Open' Host Controller (OHCI) Driver
Sep 13 16:14:18 dardeshana-VirtualBox kernel: [    0.963867] ohci-pci: OHCI PCI platform driver
Sep 13 16:14:18 dardeshana-VirtualBox kernel: [    0.964316] ohci-pci 0000:00:06.0: OHCI PCI host controller
Sep 13 16:14:18 dardeshana-VirtualBox kernel: [    0.964322] ohci-pci 0000:00:06.0: new USB bus registered, assigned bus number 1
Sep 13 16:14:18 dardeshana-VirtualBox kernel: [    0.964377] ohci-pci 0000:00:06.0: irq 22, io mem 0xf0804000
Sep 13 16:14:18 dardeshana-VirtualBox kernel: [    1.025016] usb usb1: New USB device found, idVendor=1d6b, idProduct=0001
Sep 13 16:14:18 dardeshana-VirtualBox kernel: [    1.025018] usb usb1: New USB device strings: Mfr=3, Product=2, SerialNumber=1
Sep 13 16:14:18 dardeshana-VirtualBox kernel: [    1.025019] usb usb1: Product: OHCI PCI host controller
Sep 13 16:14:18 dardeshana-VirtualBox kernel: [    1.025020] usb usb1: Manufacturer: Linux 4.10.0-28-generic ohci_hcd
Sep 13 16:14:18 dardeshana-VirtualBox kernel: [    1.025021] usb usb1: SerialNumber: 0000:00:06.0
Sep 13 16:14:18 dardeshana-VirtualBox kernel: [    1.025140] hub 1-0:1.0: USB hub found
Sep 13 16:14:18 dardeshana-VirtualBox kernel: [    1.025152] hub 1-0:1.0: 12 ports detected
Sep 13 16:14:18 dardeshana-VirtualBox kernel: [    1.025523] ohci-platform: OHCI generic platform driver
Sep 13 16:14:18 dardeshana-VirtualBox kernel: [    1.025534] uhci_hcd: USB Universal Host Controller Interface driver
Sep 13 16:14:18 dardeshana-VirtualBox kernel: [    1.025587] i8042: PNP: PS/2 Controller [PNP0303:PS2K,PNP0f03:PS2M] at 0x60,0x64 irq 1,12
Sep 13 16:14:18 dardeshana-VirtualBox kernel: [    1.026050] serio: i8042 KBD port at 0x60,0x64 irq 1
Sep 13 16:14:18 dardeshana-VirtualBox kernel: [    1.026054] serio: i8042 AUX port at 0x60,0x64 irq 12
Sep 13 16:14:18 dardeshana-VirtualBox kernel: [    1.026150] mousedev: PS/2 mouse device common for all mice
Sep 13 16:14:18 dardeshana-VirtualBox kernel: [    1.026446] input: AT Translated Set 2 keyboard as /devices/platform/i8042/serio0/input/input2
Sep 13 16:14:18 dardeshana-VirtualBox kernel: [    1.026802] rtc_cmos rtc_cmos: rtc core: registered rtc_cmos as rtc0
Sep 13 16:14:18 dardeshana-VirtualBox kernel: [    1.026858] rtc_cmos rtc_cmos: alarms up to one day, 114 bytes nvram
Sep 13 16:14:18 dardeshana-VirtualBox kernel: [    1.026862] i2c /dev entries driver
Sep 13 16:14:18 dardeshana-VirtualBox kernel: [    1.026908] device-mapper: uevent: version 1.0.3
Sep 13 16:14:18 dardeshana-VirtualBox kernel: [    1.026959] device-mapper: ioctl: 4.35.0-ioctl (2016-06-23) initialised: dm-devel@redhat.com
Sep 13 16:14:18 dardeshana-VirtualBox kernel: [    1.026967] ledtrig-cpu: registered to indicate activity on CPUs
Sep 13 16:14:18 dardeshana-VirtualBox kernel: [    1.027184] NET: Registered protocol family 10
Sep 13 16:14:18 dardeshana-VirtualBox kernel: [    1.029949] Segment Routing with IPv6
Sep 13 16:14:18 dardeshana-VirtualBox kernel: [    1.029965] NET: Registered protocol family 17
Sep 13 16:14:18 dardeshana-VirtualBox kernel: [    1.029972] Key type dns_resolver registered
Sep 13 16:14:18 dardeshana-VirtualBox kernel: [    1.030151] registered taskstats version 1
Sep 13 16:14:18 dardeshana-VirtualBox kernel: [    1.030160] Loading compiled-in X.509 certificates
Sep 13 16:14:18 dardeshana-VirtualBox kernel: [    1.032031] Loaded X.509 cert 'Build time autogenerated kernel key: 1dbff672f4e4d459849c8aa71c01089bd04bfcdd'
Sep 13 16:14:18 dardeshana-VirtualBox kernel: [    1.032046] zswap: loaded using pool lzo/zbud
Sep 13 16:14:18 dardeshana-VirtualBox kernel: [    1.040924] Key type big_key registered
Sep 13 16:14:18 dardeshana-VirtualBox kernel: [    1.040927] Key type trusted registered
Sep 13 16:14:18 dardeshana-VirtualBox kernel: [    1.041989] Key type encrypted registered
Sep 13 16:14:18 dardeshana-VirtualBox kernel: [    1.041991] AppArmor: AppArmor sha1 policy hashing enabled
Sep 13 16:14:18 dardeshana-VirtualBox kernel: [    1.041993] ima: No TPM chip found, activating TPM-bypass! (rc=-19)
Sep 13 16:14:18 dardeshana-VirtualBox kernel: [    1.042007] evm: HMAC attrs: 0x1
Sep 13 16:14:18 dardeshana-VirtualBox kernel: [    1.042238]   Magic number: 1:286:245
Sep 13 16:14:18 dardeshana-VirtualBox kernel: [    1.042312] rtc_cmos rtc_cmos: setting system clock to 2017-09-13 20:14:09 UTC (1505333649)
Sep 13 16:14:18 dardeshana-VirtualBox kernel: [    1.042367] BIOS EDD facility v0.16 2004-Jun-25, 0 devices found
Sep 13 16:14:18 dardeshana-VirtualBox kernel: [    1.042367] EDD information not available.
Sep 13 16:14:18 dardeshana-VirtualBox kernel: [    1.042388] PM: Hibernation image not present or could not be loaded.
Sep 13 16:14:18 dardeshana-VirtualBox kernel: [    1.124947] ata2.00: ATAPI: VBOX CD-ROM, 1.0, max UDMA/133
Sep 13 16:14:18 dardeshana-VirtualBox kernel: [    1.125384] ata2.00: configured for UDMA/33
Sep 13 16:14:18 dardeshana-VirtualBox kernel: [    1.125905] scsi 1:0:0:0: CD-ROM            VBOX     CD-ROM           1.0  PQ: 0 ANSI: 5
Sep 13 16:14:18 dardeshana-VirtualBox kernel: [    1.126595] sr 1:0:0:0: [sr0] scsi3-mmc drive: 32x/32x xa/form2 tray
Sep 13 16:14:18 dardeshana-VirtualBox kernel: [    1.126597] cdrom: Uniform CD-ROM driver Revision: 3.20
Sep 13 16:14:18 dardeshana-VirtualBox kernel: [    1.126748] sr 1:0:0:0: Attached scsi CD-ROM sr0
Sep 13 16:14:18 dardeshana-VirtualBox kernel: [    1.126937] sr 1:0:0:0: Attached scsi generic sg0 type 5
Sep 13 16:14:18 dardeshana-VirtualBox kernel: [    1.128916] Freeing unused kernel memory: 2228K
Sep 13 16:14:18 dardeshana-VirtualBox kernel: [    1.128918] Write protecting the kernel read-only data: 14336k
Sep 13 16:14:18 dardeshana-VirtualBox kernel: [    1.129326] Freeing unused kernel memory: 1164K
Sep 13 16:14:18 dardeshana-VirtualBox kernel: [    1.129850] Freeing unused kernel memory: 272K
Sep 13 16:14:18 dardeshana-VirtualBox kernel: [    1.136019] x86/mm: Checked W+X mappings: passed, no W+X pages found.
Sep 13 16:14:18 dardeshana-VirtualBox kernel: [    1.145681] random: udevadm: uninitialized urandom read (16 bytes read)
Sep 13 16:14:18 dardeshana-VirtualBox kernel: [    1.145708] random: udevadm: uninitialized urandom read (16 bytes read)
Sep 13 16:14:18 dardeshana-VirtualBox kernel: [    1.146100] random: udevadm: uninitialized urandom read (16 bytes read)
Sep 13 16:14:18 dardeshana-VirtualBox kernel: [    1.146133] random: udevadm: uninitialized urandom read (16 bytes read)
Sep 13 16:14:18 dardeshana-VirtualBox kernel: [    1.146143] random: udevadm: uninitialized urandom read (16 bytes read)
Sep 13 16:14:18 dardeshana-VirtualBox kernel: [    1.146287] random: udevadm: uninitialized urandom read (16 bytes read)
Sep 13 16:14:18 dardeshana-VirtualBox kernel: [    1.146321] random: udevadm: uninitialized urandom read (16 bytes read)
Sep 13 16:14:18 dardeshana-VirtualBox kernel: [    1.146353] random: udevadm: uninitialized urandom read (16 bytes read)
Sep 13 16:14:18 dardeshana-VirtualBox kernel: [    1.146385] random: udevadm: uninitialized urandom read (16 bytes read)
Sep 13 16:14:18 dardeshana-VirtualBox kernel: [    1.146416] random: udevadm: uninitialized urandom read (16 bytes read)
Sep 13 16:14:18 dardeshana-VirtualBox kernel: [    1.172295] ACPI: Video Device [GFX0] (multi-head: yes  rom: no  post: no)
Sep 13 16:14:18 dardeshana-VirtualBox kernel: [    1.172354] input: Video Bus as /devices/LNXSYSTM:00/LNXSYBUS:00/PNP0A03:00/LNXVIDEO:00/input/input4
Sep 13 16:14:18 dardeshana-VirtualBox kernel: [    1.179504] FUJITSU Extended Socket Network Device Driver - version 1.2 - Copyright (c) 2015 FUJITSU LIMITED
Sep 13 16:14:18 dardeshana-VirtualBox kernel: [    1.187792] e1000: Intel(R) PRO/1000 Network Driver - version 7.3.21-k8-NAPI
Sep 13 16:14:18 dardeshana-VirtualBox kernel: [    1.187793] e1000: Copyright (c) 1999-2006 Intel Corporation.
Sep 13 16:14:18 dardeshana-VirtualBox kernel: [    1.402843] input: ImExPS/2 Generic Explorer Mouse as /devices/platform/i8042/serio1/input/input5
Sep 13 16:14:18 dardeshana-VirtualBox kernel: [    1.484413] usb 1-1: new full-speed USB device number 2 using ohci-pci
Sep 13 16:14:18 dardeshana-VirtualBox kernel: [    1.578945] e1000 0000:00:03.0 eth0: (PCI:33MHz:32-bit) 08:00:27:fc:9d:56
Sep 13 16:14:18 dardeshana-VirtualBox kernel: [    1.578949] e1000 0000:00:03.0 eth0: Intel(R) PRO/1000 Network Connection
Sep 13 16:14:18 dardeshana-VirtualBox kernel: [    1.578973] ahci 0000:00:0d.0: version 3.0
Sep 13 16:14:18 dardeshana-VirtualBox kernel: [    1.579539] ahci 0000:00:0d.0: SSS flag set, parallel bus scan disabled
Sep 13 16:14:18 dardeshana-VirtualBox kernel: [    1.579663] ahci 0000:00:0d.0: AHCI 0001.0100 32 slots 1 ports 3 Gbps 0x1 impl SATA mode
Sep 13 16:14:18 dardeshana-VirtualBox kernel: [    1.579665] ahci 0000:00:0d.0: flags: 64bit ncq stag only ccc 
Sep 13 16:14:18 dardeshana-VirtualBox kernel: [    1.580729] e1000 0000:00:03.0 enp0s3: renamed from eth0
Sep 13 16:14:18 dardeshana-VirtualBox kernel: [    1.581616] scsi host2: ahci
Sep 13 16:14:18 dardeshana-VirtualBox kernel: [    1.581682] ata3: SATA max UDMA/133 abar m8192@0xf0806000 port 0xf0806100 irq 21
Sep 13 16:14:18 dardeshana-VirtualBox kernel: [    1.786339] random: fast init done
Sep 13 16:14:18 dardeshana-VirtualBox kernel: [    1.790000] usb 1-1: New USB device found, idVendor=80ee, idProduct=0021
Sep 13 16:14:18 dardeshana-VirtualBox kernel: [    1.790001] usb 1-1: New USB device strings: Mfr=1, Product=3, SerialNumber=0
Sep 13 16:14:18 dardeshana-VirtualBox kernel: [    1.790003] usb 1-1: Product: USB Tablet
Sep 13 16:14:18 dardeshana-VirtualBox kernel: [    1.790004] usb 1-1: Manufacturer: VirtualBox
Sep 13 16:14:18 dardeshana-VirtualBox kernel: [    1.797457] hidraw: raw HID events driver (C) Jiri Kosina
Sep 13 16:14:18 dardeshana-VirtualBox kernel: [    1.808494] usbcore: registered new interface driver usbhid
Sep 13 16:14:18 dardeshana-VirtualBox kernel: [    1.808495] usbhid: USB HID core driver
Sep 13 16:14:18 dardeshana-VirtualBox kernel: [    1.813341] input: VirtualBox USB Tablet as /devices/pci0000:00/0000:00:06.0/usb1/1-1/1-1:1.0/0003:80EE:0021.0001/input/input6
Sep 13 16:14:18 dardeshana-VirtualBox kernel: [    1.813575] hid-generic 0003:80EE:0021.0001: input,hidraw0: USB HID v1.10 Mouse [VirtualBox USB Tablet] on usb-0000:00:06.0-1/input0
Sep 13 16:14:18 dardeshana-VirtualBox kernel: [    1.897293] ata3: SATA link up 3.0 Gbps (SStatus 123 SControl 300)
Sep 13 16:14:18 dardeshana-VirtualBox kernel: [    1.897480] ata3.00: ATA-6: VBOX HARDDISK, 1.0, max UDMA/133
Sep 13 16:14:18 dardeshana-VirtualBox kernel: [    1.897482] ata3.00: 75177984 sectors, multi 128: LBA48 NCQ (depth 31/32)
Sep 13 16:14:18 dardeshana-VirtualBox kernel: [    1.897792] ata3.00: configured for UDMA/133
Sep 13 16:14:18 dardeshana-VirtualBox kernel: [    1.897954] scsi 2:0:0:0: Direct-Access     ATA      VBOX HARDDISK    1.0  PQ: 0 ANSI: 5
Sep 13 16:14:18 dardeshana-VirtualBox kernel: [    1.898398] sd 2:0:0:0: [sda] 75177984 512-byte logical blocks: (38.5 GB/35.8 GiB)
Sep 13 16:14:18 dardeshana-VirtualBox kernel: [    1.898407] sd 2:0:0:0: [sda] Write Protect is off
Sep 13 16:14:18 dardeshana-VirtualBox kernel: [    1.898409] sd 2:0:0:0: [sda] Mode Sense: 00 3a 00 00
Sep 13 16:14:18 dardeshana-VirtualBox kernel: [    1.898421] sd 2:0:0:0: [sda] Write cache: enabled, read cache: enabled, doesn't support DPO or FUA
Sep 13 16:14:18 dardeshana-VirtualBox kernel: [    1.898876] sd 2:0:0:0: Attached scsi generic sg1 type 0
Sep 13 16:14:18 dardeshana-VirtualBox kernel: [    1.907343]  sda: sda1 sda2 < sda5 >
Sep 13 16:14:18 dardeshana-VirtualBox kernel: [    1.907958] sd 2:0:0:0: [sda] Attached SCSI disk
Sep 13 16:14:18 dardeshana-VirtualBox kernel: [    1.961298] tsc: Refined TSC clocksource calibration: 2599.966 MHz
Sep 13 16:14:18 dardeshana-VirtualBox kernel: [    1.961302] clocksource: tsc: mask: 0xffffffffffffffff max_cycles: 0x257a1bf681e, max_idle_ns: 440795285102 ns
Sep 13 16:14:18 dardeshana-VirtualBox kernel: [    4.296856] floppy0: no floppy controllers found
Sep 13 16:14:18 dardeshana-VirtualBox kernel: [    4.296920] work still pending
Sep 13 16:14:18 dardeshana-VirtualBox kernel: [    4.347556] EXT4-fs (sda1): mounted filesystem with ordered data mode. Opts: (null)
Sep 13 16:14:18 dardeshana-VirtualBox kernel: [    4.882818] lp: driver loaded but no devices found
Sep 13 16:14:18 dardeshana-VirtualBox kernel: [    4.907383] EXT4-fs (sda1): re-mounted. Opts: errors=remount-ro
Sep 13 16:14:18 dardeshana-VirtualBox kernel: [    4.911028] ppdev: user-space parallel port driver
Sep 13 16:14:18 dardeshana-VirtualBox kernel: [    5.442457] piix4_smbus 0000:00:07.0: SMBus Host Controller at 0x4100, revision 0
Sep 13 16:14:18 dardeshana-VirtualBox kernel: [    5.495699] vgdrvHeartbeatInit: Setting up heartbeat to trigger every 2000 milliseconds
Sep 13 16:14:18 dardeshana-VirtualBox kernel: [    5.495803] input: Unspecified device as /devices/pci0000:00/0000:00:04.0/input/input7
Sep 13 16:14:18 dardeshana-VirtualBox kernel: [    5.524367] vboxguest: misc device minor 55, IRQ 20, I/O port d020, MMIO at 00000000f0400000 (size 0x400000)
Sep 13 16:14:18 dardeshana-VirtualBox kernel: [    5.524369] vboxguest: Successfully loaded version 5.1.16_Ubuntu (interface 0x00010004)
Sep 13 16:14:18 dardeshana-VirtualBox kernel: [    5.528823] [drm] Initialized
Sep 13 16:14:18 dardeshana-VirtualBox kernel: [    5.784170] audit: type=1400 audit(1505333654.236:2): apparmor="STATUS" operation="profile_load" profile="unconfined" name="/usr/lib/lightdm/lightdm-guest-session" pid=428 comm="apparmor_parser"
Sep 13 16:14:18 dardeshana-VirtualBox kernel: [    5.784171] audit: type=1400 audit(1505333654.236:3): apparmor="STATUS" operation="profile_load" profile="unconfined" name="/usr/lib/lightdm/lightdm-guest-session//chromium" pid=428 comm="apparmor_parser"
Sep 13 16:14:18 dardeshana-VirtualBox kernel: [    5.800101] audit: type=1400 audit(1505333654.252:4): apparmor="STATUS" operation="profile_load" profile="unconfined" name="/sbin/dhclient" pid=429 comm="apparmor_parser"
Sep 13 16:14:18 dardeshana-VirtualBox kernel: [    5.800102] audit: type=1400 audit(1505333654.252:5): apparmor="STATUS" operation="profile_load" profile="unconfined" name="/usr/lib/NetworkManager/nm-dhcp-client.action" pid=429 comm="apparmor_parser"
Sep 13 16:14:18 dardeshana-VirtualBox kernel: [    5.800103] audit: type=1400 audit(1505333654.252:6): apparmor="STATUS" operation="profile_load" profile="unconfined" name="/usr/lib/NetworkManager/nm-dhcp-helper" pid=429 comm="apparmor_parser"
Sep 13 16:14:18 dardeshana-VirtualBox kernel: [    5.800103] audit: type=1400 audit(1505333654.252:7): apparmor="STATUS" operation="profile_load" profile="unconfined" name="/usr/lib/connman/scripts/dhclient-script" pid=429 comm="apparmor_parser"
Sep 13 16:14:18 dardeshana-VirtualBox kernel: [    5.848560] [drm] VRAM 01000000
Sep 13 16:14:18 dardeshana-VirtualBox kernel: [    5.867887] audit: type=1400 audit(1505333654.320:8): apparmor="STATUS" operation="profile_load" profile="unconfined" name="/usr/bin/evince" pid=431 comm="apparmor_parser"
Sep 13 16:14:18 dardeshana-VirtualBox kernel: [    5.867888] audit: type=1400 audit(1505333654.320:9): apparmor="STATUS" operation="profile_load" profile="unconfined" name="/usr/bin/evince//sanitized_helper" pid=431 comm="apparmor_parser"
Sep 13 16:14:18 dardeshana-VirtualBox kernel: [    5.867889] audit: type=1400 audit(1505333654.320:10): apparmor="STATUS" operation="profile_load" profile="unconfined" name="/usr/bin/evince-previewer" pid=431 comm="apparmor_parser"
Sep 13 16:14:18 dardeshana-VirtualBox kernel: [    5.899103] [TTM] Zone  kernel: Available graphics memory: 2022188 kiB
Sep 13 16:14:18 dardeshana-VirtualBox kernel: [    5.899104] [TTM] Initializing pool allocator
Sep 13 16:14:18 dardeshana-VirtualBox kernel: [    5.899110] [TTM] Initializing DMA pool allocator
Sep 13 16:14:18 dardeshana-VirtualBox kernel: [    5.961658] kauditd_printk_skb: 12 callbacks suppressed
Sep 13 16:14:18 dardeshana-VirtualBox kernel: [    5.961660] audit: type=1400 audit(1505333654.416:23): apparmor="STATUS" operation="profile_load" profile="unconfined" name="/usr/sbin/tcpdump" pid=448 comm="apparmor_parser"
Sep 13 16:14:18 dardeshana-VirtualBox kernel: [    5.993172] fbcon: vboxdrmfb (fb0) is primary device
Sep 13 16:14:18 dardeshana-VirtualBox kernel: [    6.062911] Console: switching to colour frame buffer device 100x37
Sep 13 16:14:18 dardeshana-VirtualBox kernel: [    6.064083] vboxvideo 0000:00:02.0: fb0: vboxdrmfb frame buffer device
Sep 13 16:14:18 dardeshana-VirtualBox kernel: [    6.100325] RAPL PMU: API unit is 2^-32 Joules, 4 fixed counters, 10737418240 ms ovfl timer
Sep 13 16:14:18 dardeshana-VirtualBox kernel: [    6.100326] RAPL PMU: hw unit of domain pp0-core 2^-0 Joules
Sep 13 16:14:18 dardeshana-VirtualBox kernel: [    6.100327] RAPL PMU: hw unit of domain package 2^-0 Joules
Sep 13 16:14:18 dardeshana-VirtualBox kernel: [    6.100327] RAPL PMU: hw unit of domain dram 2^-0 Joules
Sep 13 16:14:18 dardeshana-VirtualBox kernel: [    6.100328] RAPL PMU: hw unit of domain pp1-gpu 2^-0 Joules
Sep 13 16:14:18 dardeshana-VirtualBox kernel: [    6.181286] [drm] Initialized vboxvideo 1.0.0 20130823 for 0000:00:02.0 on minor 0
Sep 13 16:14:18 dardeshana-VirtualBox kernel: [    6.237514] AVX version of gcm_enc/dec engaged.
Sep 13 16:14:18 dardeshana-VirtualBox kernel: [    6.237515] AES CTR mode by8 optimization enabled
Sep 13 16:14:18 dardeshana-VirtualBox kernel: [    7.524759] Adding 4191228k swap on /dev/sda5.  Priority:-1 extents:1 across:4191228k FS
Sep 13 16:14:18 dardeshana-VirtualBox kernel: [    8.526999] random: crng init done
Sep 13 16:14:18 dardeshana-VirtualBox kernel: [    8.670915] floppy0: no floppy controllers found
Sep 13 16:14:18 dardeshana-VirtualBox kernel: [    9.486258] snd_intel8x0 0000:00:05.0: white list rate for 1028:0177 is 48000
Sep 13 16:14:18 dardeshana-VirtualBox systemd-modules-load[228]: Inserted module 'lp'
Sep 13 16:14:18 dardeshana-VirtualBox systemd[1]: Started udev Kernel Device Manager.
Sep 13 16:14:18 dardeshana-VirtualBox systemd[1]: Starting Remount Root and Kernel File Systems...
Sep 13 16:14:18 dardeshana-VirtualBox systemd[1]: Mounted Huge Pages File System.
Sep 13 16:14:18 dardeshana-VirtualBox systemd[1]: Mounted Debug File System.
Sep 13 16:14:18 dardeshana-VirtualBox systemd[1]: Mounted POSIX Message Queue File System.
Sep 13 16:14:18 dardeshana-VirtualBox systemd[1]: Started Remount Root and Kernel File Systems.
Sep 13 16:14:18 dardeshana-VirtualBox systemd[1]: Starting udev Coldplug all Devices...
Sep 13 16:14:18 dardeshana-VirtualBox systemd[1]: Starting Load/Save Random Seed...
Sep 13 16:14:18 dardeshana-VirtualBox systemd-modules-load[228]: Inserted module 'ppdev'
Sep 13 16:14:18 dardeshana-VirtualBox systemd-modules-load[228]: Inserted module 'parport_pc'
Sep 13 16:14:18 dardeshana-VirtualBox systemd[1]: Starting Flush Journal to Persistent Storage...
Sep 13 16:14:18 dardeshana-VirtualBox systemd[1]: Started Load Kernel Modules.
Sep 13 16:14:18 dardeshana-VirtualBox systemd[1]: Started Load/Save Random Seed.
Sep 13 16:14:18 dardeshana-VirtualBox systemd[1]: Started Flush Journal to Persistent Storage.
Sep 13 16:14:18 dardeshana-VirtualBox systemd[1]: Mounting FUSE Control File System...
Sep 13 16:14:18 dardeshana-VirtualBox systemd[1]: Starting Apply Kernel Variables...
Sep 13 16:14:18 dardeshana-VirtualBox systemd[1]: Mounted FUSE Control File System.
Sep 13 16:14:18 dardeshana-VirtualBox systemd[1]: Started udev Coldplug all Devices.
Sep 13 16:14:18 dardeshana-VirtualBox systemd[1]: Started Apply Kernel Variables.
Sep 13 16:14:18 dardeshana-VirtualBox loadkeys[233]: Loading /etc/console-setup/cached.kmap.gz
Sep 13 16:14:18 dardeshana-VirtualBox systemd[1]: Started Set console keymap.
Sep 13 16:14:18 dardeshana-VirtualBox systemd[1]: Reached target Local File Systems (Pre).
Sep 13 16:14:18 dardeshana-VirtualBox systemd[1]: Reached target Local File Systems.
Sep 13 16:14:18 dardeshana-VirtualBox systemd[1]: Starting Commit a transient machine-id on disk...
Sep 13 16:14:18 dardeshana-VirtualBox systemd[1]: Starting Set console font and keymap...
Sep 13 16:14:18 dardeshana-VirtualBox systemd[1]: Starting LSB: AppArmor initialization...
Sep 13 16:14:18 dardeshana-VirtualBox systemd[1]: Starting Tell Plymouth To Write Out Runtime Data...
Sep 13 16:14:18 dardeshana-VirtualBox systemd[1]: Starting Create Volatile Files and Directories...
Sep 13 16:14:18 dardeshana-VirtualBox systemd[1]: Starting Clean up any mess left by 0dns-up...
Sep 13 16:14:18 dardeshana-VirtualBox systemd-tmpfiles[284]: [/usr/lib/tmpfiles.d/var.conf:14] Duplicate line for path "/var/log", ignoring.
Sep 13 16:14:18 dardeshana-VirtualBox systemd[1]: Starting Show Plymouth Boot Screen...
Sep 13 16:14:18 dardeshana-VirtualBox systemd[1]: Started Commit a transient machine-id on disk.
Sep 13 16:14:18 dardeshana-VirtualBox systemd[1]: Started Create Volatile Files and Directories.
Sep 13 16:14:18 dardeshana-VirtualBox systemd[1]: Started Tell Plymouth To Write Out Runtime Data.
Sep 13 16:14:18 dardeshana-VirtualBox systemd[1]: Started Show Plymouth Boot Screen.
Sep 13 16:14:18 dardeshana-VirtualBox systemd[1]: Started Clean up any mess left by 0dns-up.
Sep 13 16:14:18 dardeshana-VirtualBox systemd[1]: Starting Nameserver information manager...
Sep 13 16:14:18 dardeshana-VirtualBox systemd[1]: Started Forward Password Requests to Plymouth Directory Watch.
Sep 13 16:14:18 dardeshana-VirtualBox systemd[1]: Starting Network Time Synchronization...
Sep 13 16:14:18 dardeshana-VirtualBox systemd[1]: Starting Update UTMP about System Boot/Shutdown...
Sep 13 16:14:18 dardeshana-VirtualBox systemd[1]: Received SIGRTMIN+20 from PID 297 (plymouthd).
Sep 13 16:14:18 dardeshana-VirtualBox systemd[1]: Started Network Time Synchronization.
Sep 13 16:14:18 dardeshana-VirtualBox systemd[1]: Started Update UTMP about System Boot/Shutdown.
Sep 13 16:14:18 dardeshana-VirtualBox systemd[1]: Reached target System Time Synchronized.
Sep 13 16:14:18 dardeshana-VirtualBox systemd[1]: Started Nameserver information manager.
Sep 13 16:14:18 dardeshana-VirtualBox systemd[1]: Reached target Network (Pre).
Sep 13 16:14:18 dardeshana-VirtualBox apparmor[280]:  * Starting AppArmor profiles
Sep 13 16:14:18 dardeshana-VirtualBox mtp-probe: checking bus 1, device 2: "/sys/devices/pci0000:00/0000:00:06.0/usb1/1-1"
Sep 13 16:14:18 dardeshana-VirtualBox mtp-probe: bus: 1, device: 2 was not an MTP device
Sep 13 16:14:18 dardeshana-VirtualBox apparmor[280]: Skipping profile in /etc/apparmor.d/disable: usr.bin.firefox
Sep 13 16:14:18 dardeshana-VirtualBox apparmor[280]: Skipping profile in /etc/apparmor.d/disable: usr.sbin.rsyslogd
Sep 13 16:14:18 dardeshana-VirtualBox apparmor[280]:    ...done.
Sep 13 16:14:18 dardeshana-VirtualBox systemd[1]: Started LSB: AppArmor initialization.
Sep 13 16:14:18 dardeshana-VirtualBox systemd[1]: Starting Raise network interfaces...
Sep 13 16:14:18 dardeshana-VirtualBox systemd[1]: Started Set console font and keymap.
Sep 13 16:14:18 dardeshana-VirtualBox systemd[1]: Created slice system-getty.slice.
Sep 13 16:14:18 dardeshana-VirtualBox systemd[1]: Started Raise network interfaces.
Sep 13 16:14:18 dardeshana-VirtualBox systemd[1]: Listening on Load/Save RF Kill Switch Status /dev/rfkill Watch.
Sep 13 16:14:18 dardeshana-VirtualBox systemd[1]: Found device VBOX_HARDDISK 5.
Sep 13 16:14:18 dardeshana-VirtualBox systemd[1]: Activating swap /dev/disk/by-uuid/6a19ac12-6660-46d3-9801-8e4e656ea1f0...
Sep 13 16:14:18 dardeshana-VirtualBox systemd[1]: Activated swap /dev/disk/by-uuid/6a19ac12-6660-46d3-9801-8e4e656ea1f0.
Sep 13 16:14:18 dardeshana-VirtualBox systemd[1]: Reached target Swap.
Sep 13 16:14:18 dardeshana-VirtualBox systemd[1]: Reached target System Initialization.
Sep 13 16:14:18 dardeshana-VirtualBox systemd[1]: Started Daily Cleanup of Temporary Directories.
Sep 13 16:14:18 dardeshana-VirtualBox systemd[1]: Started Timer to automatically refresh installed snaps.
Sep 13 16:14:18 dardeshana-VirtualBox systemd[1]: Listening on D-Bus System Message Bus Socket.
Sep 13 16:14:18 dardeshana-VirtualBox systemd[1]: Listening on Avahi mDNS/DNS-SD Stack Activation Socket.
Sep 13 16:14:18 dardeshana-VirtualBox systemd[1]: Starting Socket activation for snappy daemon.
Sep 13 16:14:18 dardeshana-VirtualBox systemd[1]: Started ACPI Events Check.
Sep 13 16:14:18 dardeshana-VirtualBox systemd[1]: Listening on UUID daemon activation socket.
Sep 13 16:14:18 dardeshana-VirtualBox systemd[1]: Started CUPS Scheduler.
Sep 13 16:14:18 dardeshana-VirtualBox systemd[1]: Reached target Paths.
Sep 13 16:14:18 dardeshana-VirtualBox systemd[1]: Listening on ACPID Listen Socket.
Sep 13 16:14:18 dardeshana-VirtualBox systemd[1]: Listening on CUPS Scheduler.
Sep 13 16:14:18 dardeshana-VirtualBox systemd[1]: Listening on Socket activation for snappy daemon.
Sep 13 16:14:18 dardeshana-VirtualBox systemd[1]: Reached target Sockets.
Sep 13 16:14:18 dardeshana-VirtualBox systemd[1]: Reached target Basic System.
Sep 13 16:14:18 dardeshana-VirtualBox systemd[1]: Starting LSB: Record successful boot for GRUB...
Sep 13 16:14:18 dardeshana-VirtualBox systemd[1]: Starting System Logging Service...
Sep 13 16:14:18 dardeshana-VirtualBox systemd[1]: Starting Detect the available GPUs and deal with any system changes...
Sep 13 16:14:18 dardeshana-VirtualBox systemd[1]: Started Regular background program processing daemon.
Sep 13 16:14:18 dardeshana-VirtualBox systemd[1]: Starting LSB: automatic crash report generation...
Sep 13 16:14:18 dardeshana-VirtualBox systemd[1]: Starting Avahi mDNS/DNS-SD Stack...
Sep 13 16:14:18 dardeshana-VirtualBox systemd[1]: Starting Permit User Sessions...
Sep 13 16:14:18 dardeshana-VirtualBox systemd[1]: Starting LSB: Set the CPU Frequency Scaling governor to "ondemand"...
Sep 13 16:14:18 dardeshana-VirtualBox systemd[1]: Starting Login Service...
Sep 13 16:14:18 dardeshana-VirtualBox systemd[1]: Starting Thermal Daemon Service...
Sep 13 16:14:18 dardeshana-VirtualBox systemd[1]: Starting Modem Manager...
Sep 13 16:14:18 dardeshana-VirtualBox systemd[1]: Starting Restore /etc/resolv.conf if the system crashed before the ppp link was shut down...
Sep 13 16:14:18 dardeshana-VirtualBox systemd[1]: Starting LSB: Speech Dispatcher...
Sep 13 16:14:18 dardeshana-VirtualBox cron[695]: (CRON) INFO (pidfile fd = 3)
Sep 13 16:14:18 dardeshana-VirtualBox systemd[1]: Started D-Bus System Message Bus.
Sep 13 16:14:18 dardeshana-VirtualBox gpu-manager[690]: /etc/modprobe.d is not a file
Sep 13 16:14:18 dardeshana-VirtualBox gpu-manager[690]: /etc/modprobe.d is not a file
Sep 13 16:14:18 dardeshana-VirtualBox avahi-daemon[697]: Found user 'avahi' (UID 111) and group 'avahi' (GID 120).
Sep 13 16:14:18 dardeshana-VirtualBox avahi-daemon[697]: Successfully dropped root privileges.
Sep 13 16:14:18 dardeshana-VirtualBox avahi-daemon[697]: avahi-daemon 0.6.32-rc starting up.
Sep 13 16:14:18 dardeshana-VirtualBox gpu-manager[690]: /etc/modprobe.d is not a file
Sep 13 16:14:18 dardeshana-VirtualBox gpu-manager[690]: message repeated 2 times: [ /etc/modprobe.d is not a file]
Sep 13 16:14:18 dardeshana-VirtualBox gpu-manager[690]: Error: can't open /lib/modules/4.10.0-28-generic/updates/dkms
Sep 13 16:14:18 dardeshana-VirtualBox gpu-manager[690]: Error: can't open /lib/modules/4.10.0-28-generic/updates/dkms
Sep 13 16:14:18 dardeshana-VirtualBox cron[695]: (CRON) INFO (Running @reboot jobs)
Sep 13 16:14:18 dardeshana-VirtualBox ModemManager[702]: <info>  ModemManager (version 1.4.12) starting in system bus...
Sep 13 16:14:18 dardeshana-VirtualBox dbus[715]: [system] AppArmor D-Bus mediation is enabled
Sep 13 16:14:18 dardeshana-VirtualBox avahi-daemon[697]: Successfully called chroot().
Sep 13 16:14:18 dardeshana-VirtualBox avahi-daemon[697]: Successfully dropped remaining capabilities.
Sep 13 16:14:18 dardeshana-VirtualBox avahi-daemon[697]: No service file found in /etc/avahi/services.
Sep 13 16:14:18 dardeshana-VirtualBox avahi-daemon[697]: Network interface enumeration completed.
Sep 13 16:14:18 dardeshana-VirtualBox avahi-daemon[697]: Server startup complete. Host name is dardeshana-VirtualBox.local. Local service cookie is 1253408076.
Sep 13 16:14:18 dardeshana-VirtualBox dbus[715]: [system] Successfully activated service 'org.freedesktop.systemd1'
Sep 13 16:14:18 dardeshana-VirtualBox systemd[1]: Started Thermal Daemon Service.
Sep 13 16:14:18 dardeshana-VirtualBox systemd[1]: Started Avahi mDNS/DNS-SD Stack.
Sep 13 16:14:18 dardeshana-VirtualBox systemd[1]: Starting Network Manager...
Sep 13 16:14:18 dardeshana-VirtualBox systemd[1]: Starting LSB: daemon to balance interrupts for SMP systems...
Sep 13 16:14:18 dardeshana-VirtualBox systemd[1]: Started Run anacron jobs.
Sep 13 16:14:18 dardeshana-VirtualBox thermald[701]: NO RAPL sysfs present
Sep 13 16:14:18 dardeshana-VirtualBox thermald[701]: 13 CPUID levels; family:model:stepping 0x6:45:1 (6:69:1)
Sep 13 16:14:18 dardeshana-VirtualBox thermald[701]: Polling mode is enabled: 4
Sep 13 16:14:18 dardeshana-VirtualBox thermald[701]: Thermal DTS: No coretemp sysfs found
Sep 13 16:14:18 dardeshana-VirtualBox thermald[701]: Thermal DTS or hwmon: No Zones present Need to configure manually
Sep 13 16:14:18 dardeshana-VirtualBox thermald[701]: No thermal sensors found
Sep 13 16:14:18 dardeshana-VirtualBox thermald[701]: THD engine start failed
Sep 13 16:14:18 dardeshana-VirtualBox systemd[1]: Started Snappy daemon.
Sep 13 16:14:18 dardeshana-VirtualBox systemd[1]: Starting Auto import assertions from block devices...
Sep 13 16:14:18 dardeshana-VirtualBox snap[746]: auto-import is disabled on classic
Sep 13 16:14:18 dardeshana-VirtualBox anacron[739]: Anacron 2.3 started on 2017-09-13
Sep 13 16:14:18 dardeshana-VirtualBox anacron[739]: Will run job `cron.daily' in 5 min.
Sep 13 16:14:18 dardeshana-VirtualBox anacron[739]: Will run job `cron.weekly' in 10 min.
Sep 13 16:14:18 dardeshana-VirtualBox anacron[739]: Will run job `cron.monthly' in 15 min.
Sep 13 16:14:18 dardeshana-VirtualBox anacron[739]: Jobs will be executed sequentially
Sep 13 16:14:18 dardeshana-VirtualBox systemd[1]: Started ACPI event daemon.
Sep 13 16:14:18 dardeshana-VirtualBox systemd[1]: Starting Accounts Service...
Sep 13 16:14:18 dardeshana-VirtualBox dbus[715]: [system] Activating via systemd: service name='org.freedesktop.PolicyKit1' unit='polkitd.service'
Sep 13 16:14:18 dardeshana-VirtualBox systemd[1]: Started CUPS Scheduler.
Sep 13 16:14:18 dardeshana-VirtualBox systemd[1]: Started Make remote CUPS printers available locally.
Sep 13 16:14:18 dardeshana-VirtualBox systemd[1]: Starting Save/Restore Sound Card State...
Sep 13 16:14:18 dardeshana-VirtualBox systemd[1]: Started System Logging Service.
Sep 13 16:14:18 dardeshana-VirtualBox systemd[1]: Started Permit User Sessions.
Sep 13 16:14:18 dardeshana-VirtualBox systemd[1]: Started Restore /etc/resolv.conf if the system crashed before the ppp link was shut down.
Sep 13 16:14:18 dardeshana-VirtualBox gpu-manager[690]: update-alternatives: error: no alternatives for x86_64-linux-gnu_gfxcore_conf
Sep 13 16:14:18 dardeshana-VirtualBox systemd[1]: Started Detect the available GPUs and deal with any system changes.
Sep 13 16:14:18 dardeshana-VirtualBox systemd[1]: Started Auto import assertions from block devices.
Sep 13 16:14:18 dardeshana-VirtualBox alsactl[769]: /usr/sbin/alsactl: load_state:1683: Cannot open /var/lib/alsa/asound.state for reading: No such file or directory
Sep 13 16:14:18 dardeshana-VirtualBox apport[696]:  * Starting automatic crash report generation: apport
Sep 13 16:14:18 dardeshana-VirtualBox acpid: starting up with netlink and the input layer
Sep 13 16:14:18 dardeshana-VirtualBox speech-dispatcher[704]:  * speech-dispatcher disabled; edit /etc/default/speech-dispatcher
Sep 13 16:14:18 dardeshana-VirtualBox irqbalance[738]:  * Starting SMP IRQ Balancer: irqbalance
Sep 13 16:14:18 dardeshana-VirtualBox /usr/sbin/irqbalance: Balancing is ineffective on systems with a single cpu.  Shutting down
Sep 13 16:14:18 dardeshana-VirtualBox irqbalance[738]:    ...done.
Sep 13 16:14:18 dardeshana-VirtualBox systemd[1]: Started LSB: Set the CPU Frequency Scaling governor to "ondemand".
Sep 13 16:14:18 dardeshana-VirtualBox systemd[1]: Started LSB: Speech Dispatcher.
Sep 13 16:14:18 dardeshana-VirtualBox systemd[1]: Started LSB: daemon to balance interrupts for SMP systems.
Sep 13 16:14:18 dardeshana-VirtualBox systemd[1]: Started LSB: Record successful boot for GRUB.
Sep 13 16:14:18 dardeshana-VirtualBox acpid: 9 rules loaded
Sep 13 16:14:18 dardeshana-VirtualBox acpid: waiting for events: event logging is off
Sep 13 16:14:18 dardeshana-VirtualBox apport[696]:    ...done.
Sep 13 16:14:18 dardeshana-VirtualBox systemd[1]: Started LSB: automatic crash report generation.
Sep 13 16:14:18 dardeshana-VirtualBox alsactl[769]: Found hardware: "ICH" "Analog Devices AD1980" "AC97a:41445370" "0x1028" "0x0177"
Sep 13 16:14:18 dardeshana-VirtualBox alsactl[769]: Hardware is initialized using a generic method
Sep 13 16:14:18 dardeshana-VirtualBox systemd-udevd[262]: Process '/usr/sbin/alsactl -E HOME=/run/alsa restore 0' failed with exit code 99.
Sep 13 16:14:18 dardeshana-VirtualBox systemd[1]: Started Save/Restore Sound Card State.
Sep 13 16:14:18 dardeshana-VirtualBox systemd[1]: Started Login Service.
Sep 13 16:14:18 dardeshana-VirtualBox systemd[1]: Starting Authenticate and Authorize Users to Run Privileged Tasks...
Sep 13 16:14:18 dardeshana-VirtualBox systemd[1]: Reached target Sound Card.
Sep 13 16:14:18 dardeshana-VirtualBox systemd[1]: Starting Light Display Manager...
Sep 13 16:14:18 dardeshana-VirtualBox NetworkManager[737]: <info>  [1505333658.4362] NetworkManager (version 1.2.6) is starting...
Sep 13 16:14:18 dardeshana-VirtualBox NetworkManager[737]: <info>  [1505333658.4395] Read config: /etc/NetworkManager/NetworkManager.conf (etc: default-wifi-powersave-on.conf)
Sep 13 16:14:18 dardeshana-VirtualBox systemd[1]: Started CUPS Scheduler.
Sep 13 16:14:18 dardeshana-VirtualBox NetworkManager[737]: <info>  [1505333658.4940] manager[0x1fb1200]: monitoring kernel firmware directory '/lib/firmware'.
Sep 13 16:14:18 dardeshana-VirtualBox NetworkManager[737]: <info>  [1505333658.4944] monitoring ifupdown state file '/run/network/ifstate'.
Sep 13 16:14:18 dardeshana-VirtualBox NetworkManager[737]: <info>  [1505333658.5097] dns-mgr[0x1faa940]: init: dns=dnsmasq, rc-manager=resolvconf, plugin=dnsmasq
Sep 13 16:14:18 dardeshana-VirtualBox systemd[1]: Started Network Manager.
Sep 13 16:14:18 dardeshana-VirtualBox systemd[1]: Reached target Network.
Sep 13 16:14:18 dardeshana-VirtualBox systemd[1]: Started Unattended Upgrades Shutdown.
Sep 13 16:14:18 dardeshana-VirtualBox systemd[1]: Starting Network Manager Wait Online...
Sep 13 16:14:18 dardeshana-VirtualBox polkitd[801]: started daemon version 0.105 using authority implementation `local' version `0.105'
Sep 13 16:14:18 dardeshana-VirtualBox dbus[715]: [system] Successfully activated service 'org.freedesktop.PolicyKit1'
Sep 13 16:14:18 dardeshana-VirtualBox systemd[1]: Started Authenticate and Authorize Users to Run Privileged Tasks.
Sep 13 16:14:18 dardeshana-VirtualBox /usr/lib/snapd/snapd[744]: daemon.go:250: DEBUG: init done in 535.136s
Sep 13 16:14:18 dardeshana-VirtualBox /usr/lib/snapd/snapd[744]: daemon.go:251: started snapd/2.25 (series 16; classic) ubuntu/16.04 (amd64) linux/4.10.0-28-generic.
Sep 13 16:14:18 dardeshana-VirtualBox snapd[744]: 2017/09/13 16:14:18.539560 daemon.go:251: started snapd/2.25 (series 16; classic) ubuntu/16.04 (amd64) linux/4.10.0-28-generic.
Sep 13 16:14:18 dardeshana-VirtualBox dbus[715]: [system] Activating via systemd: service name='org.freedesktop.nm_dispatcher' unit='dbus-org.freedesktop.nm-dispatcher.service'
Sep 13 16:14:18 dardeshana-VirtualBox accounts-daemon[757]: started daemon version 0.6.40
Sep 13 16:14:18 dardeshana-VirtualBox systemd[1]: Starting Network Manager Script Dispatcher Service...
Sep 13 16:14:18 dardeshana-VirtualBox systemd[1]: Started Accounts Service.
Sep 13 16:14:18 dardeshana-VirtualBox systemd[1]: Received SIGRTMIN+21 from PID 297 (plymouthd).
Sep 13 16:14:18 dardeshana-VirtualBox systemd[1]: Started Light Display Manager.
Sep 13 16:14:18 dardeshana-VirtualBox /usr/lib/snapd/snapd[744]: taskrunner.go:367: DEBUG: Running task 1 on Do: Mark system seeded
Sep 13 16:14:18 dardeshana-VirtualBox dbus[715]: [system] Successfully activated service 'org.freedesktop.nm_dispatcher'
Sep 13 16:14:18 dardeshana-VirtualBox systemd[1]: Started Network Manager Script Dispatcher Service.
Sep 13 16:14:18 dardeshana-VirtualBox NetworkManager[737]: <info>  [1505333658.6475] init!
Sep 13 16:14:18 dardeshana-VirtualBox NetworkManager[737]: <info>  [1505333658.6477] management mode: unmanaged
Sep 13 16:14:18 dardeshana-VirtualBox NetworkManager[737]: <info>  [1505333658.6479] devices added (path: /sys/devices/pci0000:00/0000:00:03.0/net/enp0s3, iface: enp0s3)
Sep 13 16:14:18 dardeshana-VirtualBox NetworkManager[737]: <info>  [1505333658.6479] device added (path: /sys/devices/pci0000:00/0000:00:03.0/net/enp0s3, iface: enp0s3): no ifupdown configuration found.
Sep 13 16:14:18 dardeshana-VirtualBox NetworkManager[737]: <info>  [1505333658.6479] devices added (path: /sys/devices/virtual/net/lo, iface: lo)
Sep 13 16:14:18 dardeshana-VirtualBox dbus[715]: [system] Activating via systemd: service name='org.freedesktop.hostname1' unit='dbus-org.freedesktop.hostname1.service'
Sep 13 16:14:18 dardeshana-VirtualBox NetworkManager[737]: <info>  [1505333658.6479] device added (path: /sys/devices/virtual/net/lo, iface: lo): no ifupdown configuration found.
Sep 13 16:14:18 dardeshana-VirtualBox NetworkManager[737]: <info>  [1505333658.6480] end _init.
Sep 13 16:14:18 dardeshana-VirtualBox NetworkManager[737]: <info>  [1505333658.6480] settings: loaded plugin ifupdown: (C) 2008 Canonical Ltd.  To report bugs please use the NetworkManager mailing list. (/usr/lib/x86_64-linux-gnu/NetworkManager/libnm-settings-plugin-ifupdown.so)
Sep 13 16:14:18 dardeshana-VirtualBox NetworkManager[737]: <info>  [1505333658.6480] settings: loaded plugin keyfile: (c) 2007 - 2015 Red Hat, Inc.  To report bugs please use the NetworkManager mailing list.
Sep 13 16:14:18 dardeshana-VirtualBox NetworkManager[737]: <info>  [1505333658.6556] SettingsPlugin-Ofono: init!
Sep 13 16:14:18 dardeshana-VirtualBox NetworkManager[737]: <warn>  [1505333658.6558] SettingsPlugin-Ofono: file doesn't exist: /var/lib/ofono
Sep 13 16:14:18 dardeshana-VirtualBox NetworkManager[737]: <info>  [1505333658.6558] SettingsPlugin-Ofono: end _init.
Sep 13 16:14:18 dardeshana-VirtualBox NetworkManager[737]: <info>  [1505333658.6558] settings: loaded plugin ofono: (C) 2013-2016 Canonical Ltd.  To report bugs please use the NetworkManager mailing list. (/usr/lib/x86_64-linux-gnu/NetworkManager/libnm-settings-plugin-ofono.so)
Sep 13 16:14:18 dardeshana-VirtualBox NetworkManager[737]: <info>  [1505333658.6558] (33312112) ... get_connections.
Sep 13 16:14:18 dardeshana-VirtualBox NetworkManager[737]: <info>  [1505333658.6558] (33312112) ... get_connections (managed=false): return empty list.
Sep 13 16:14:18 dardeshana-VirtualBox NetworkManager[737]: <info>  [1505333658.6572] SettingsPlugin-Ofono: (33312272) ... get_connections.
Sep 13 16:14:18 dardeshana-VirtualBox NetworkManager[737]: <info>  [1505333658.6572] SettingsPlugin-Ofono: (33312272) connections count: 0
Sep 13 16:14:18 dardeshana-VirtualBox systemd[1]: Started Modem Manager.
Sep 13 16:14:18 dardeshana-VirtualBox NetworkManager[737]: <info>  [1505333658.6588] get unmanaged devices count: 0
Sep 13 16:14:18 dardeshana-VirtualBox systemd[1]: Starting Hostname Service...
Sep 13 16:14:18 dardeshana-VirtualBox dbus[715]: [system] Successfully activated service 'org.freedesktop.hostname1'
Sep 13 16:14:18 dardeshana-VirtualBox systemd[1]: Started Hostname Service.
Sep 13 16:14:18 dardeshana-VirtualBox NetworkManager[737]: <info>  [1505333658.7036] settings: hostname: using hostnamed
Sep 13 16:14:18 dardeshana-VirtualBox nm-dispatcher: req:1 'hostname': new request (1 scripts)
Sep 13 16:14:18 dardeshana-VirtualBox NetworkManager[737]: <info>  [1505333658.7037] settings: hostname changed from (none) to "dardeshana-VirtualBox"
Sep 13 16:14:18 dardeshana-VirtualBox nm-dispatcher: req:1 'hostname': start running ordered scripts...
Sep 13 16:14:18 dardeshana-VirtualBox NetworkManager[737]: <info>  [1505333658.7039] Using DHCP client 'dhclient'
Sep 13 16:14:18 dardeshana-VirtualBox NetworkManager[737]: <info>  [1505333658.7040] manager: WiFi enabled by radio killswitch; enabled by state file
Sep 13 16:14:18 dardeshana-VirtualBox NetworkManager[737]: <info>  [1505333658.7043] manager: WWAN enabled by radio killswitch; enabled by state file
Sep 13 16:14:18 dardeshana-VirtualBox NetworkManager[737]: <info>  [1505333658.7043] manager: Networking is enabled by state file
Sep 13 16:14:18 dardeshana-VirtualBox NetworkManager[737]: <info>  [1505333658.7044] Loaded device plugin: NMVxlanFactory (internal)
Sep 13 16:14:18 dardeshana-VirtualBox NetworkManager[737]: <info>  [1505333658.7044] Loaded device plugin: NMVlanFactory (internal)
Sep 13 16:14:18 dardeshana-VirtualBox NetworkManager[737]: <info>  [1505333658.7045] Loaded device plugin: NMVethFactory (internal)
Sep 13 16:14:18 dardeshana-VirtualBox NetworkManager[737]: <info>  [1505333658.7045] Loaded device plugin: NMTunFactory (internal)
Sep 13 16:14:18 dardeshana-VirtualBox NetworkManager[737]: <info>  [1505333658.7045] Loaded device plugin: NMMacvlanFactory (internal)
Sep 13 16:14:18 dardeshana-VirtualBox NetworkManager[737]: <info>  [1505333658.7046] Loaded device plugin: NMIPTunnelFactory (internal)
Sep 13 16:14:18 dardeshana-VirtualBox NetworkManager[737]: <info>  [1505333658.7046] Loaded device plugin: NMInfinibandFactory (internal)
Sep 13 16:14:18 dardeshana-VirtualBox NetworkManager[737]: <info>  [1505333658.7046] Loaded device plugin: NMEthernetFactory (internal)
Sep 13 16:14:18 dardeshana-VirtualBox NetworkManager[737]: <info>  [1505333658.7046] Loaded device plugin: NMBridgeFactory (internal)
Sep 13 16:14:18 dardeshana-VirtualBox NetworkManager[737]: <info>  [1505333658.7047] Loaded device plugin: NMBondFactory (internal)
Sep 13 16:14:18 dardeshana-VirtualBox NetworkManager[737]: <info>  [1505333658.7416] Loaded device plugin: NMBluezManager (/usr/lib/x86_64-linux-gnu/NetworkManager/libnm-device-plugin-bluetooth.so)
Sep 13 16:14:18 dardeshana-VirtualBox NetworkManager[737]: <info>  [1505333658.7476] Loaded device plugin: NMWifiFactory (/usr/lib/x86_64-linux-gnu/NetworkManager/libnm-device-plugin-wifi.so)
Sep 13 16:14:18 dardeshana-VirtualBox NetworkManager[737]: <info>  [1505333658.7981] Loaded device plugin: NMWwanFactory (/usr/lib/x86_64-linux-gnu/NetworkManager/libnm-device-plugin-wwan.so)
Sep 13 16:14:18 dardeshana-VirtualBox NetworkManager[737]: <info>  [1505333658.8115] Loaded device plugin: NMAtmManager (/usr/lib/x86_64-linux-gnu/NetworkManager/libnm-device-plugin-adsl.so)
Sep 13 16:14:18 dardeshana-VirtualBox NetworkManager[737]: <info>  [1505333658.8213] manager: (enp0s3): new Ethernet device (/org/freedesktop/NetworkManager/Devices/0)
Sep 13 16:14:18 dardeshana-VirtualBox NetworkManager[737]: <info>  [1505333658.8273] keyfile: add connection in-memory (3775199a-ee3b-3b50-9995-455527c1b2aa,"Wired connection 1")
Sep 13 16:14:18 dardeshana-VirtualBox NetworkManager[737]: <info>  [1505333658.8311] settings: (enp0s3): created default wired connection 'Wired connection 1'
Sep 13 16:14:18 dardeshana-VirtualBox NetworkManager[737]: <info>  [1505333658.8414] device (enp0s3): state change: unmanaged -> unavailable (reason 'managed') [10 20 2]
Sep 13 16:14:18 dardeshana-VirtualBox kernel: [   10.384603] IPv6: ADDRCONF(NETDEV_UP): enp0s3: link is not ready
Sep 13 16:14:18 dardeshana-VirtualBox NetworkManager[737]: nm_device_get_device_type: assertion 'NM_IS_DEVICE (self)' failed
Sep 13 16:14:18 dardeshana-VirtualBox NetworkManager[737]: <info>  [1505333658.8501] device (lo): link connected
Sep 13 16:14:18 dardeshana-VirtualBox kernel: [   10.389262] IPv6: ADDRCONF(NETDEV_UP): enp0s3: link is not ready
Sep 13 16:14:18 dardeshana-VirtualBox kernel: [   10.393262] e1000: enp0s3 NIC Link is Up 1000 Mbps Full Duplex, Flow Control: RX
Sep 13 16:14:18 dardeshana-VirtualBox kernel: [   10.393598] IPv6: ADDRCONF(NETDEV_CHANGE): enp0s3: link becomes ready
Sep 13 16:14:18 dardeshana-VirtualBox NetworkManager[737]: <info>  [1505333658.8562] manager: (lo): new Generic device (/org/freedesktop/NetworkManager/Devices/1)
Sep 13 16:14:18 dardeshana-VirtualBox NetworkManager[737]: <info>  [1505333658.8765] urfkill disappeared from the bus
Sep 13 16:14:18 dardeshana-VirtualBox NetworkManager[737]: <info>  [1505333658.8882] device (enp0s3): link connected
Sep 13 16:14:18 dardeshana-VirtualBox NetworkManager[737]: <info>  [1505333658.9205] ModemManager available in the bus
Sep 13 16:14:18 dardeshana-VirtualBox NetworkManager[737]: <info>  [1505333658.9218] ofono is now available
Sep 13 16:14:18 dardeshana-VirtualBox NetworkManager[737]: <warn>  [1505333658.9349] failed to enumerate oFono devices: GDBus.Error:org.freedesktop.DBus.Error.ServiceUnknown: The name org.ofono was not provided by any .service files
Sep 13 16:14:18 dardeshana-VirtualBox NetworkManager[737]: <info>  [1505333658.9427] device (enp0s3): state change: unavailable -> disconnected (reason 'carrier-changed') [20 30 40]
Sep 13 16:14:18 dardeshana-VirtualBox NetworkManager[737]: <info>  [1505333658.9750] policy: auto-activating connection 'Wired connection 1'
Sep 13 16:14:18 dardeshana-VirtualBox NetworkManager[737]: <info>  [1505333658.9791] device (enp0s3): Activation: starting connection 'Wired connection 1' (3775199a-ee3b-3b50-9995-455527c1b2aa)
Sep 13 16:14:18 dardeshana-VirtualBox NetworkManager[737]: <info>  [1505333658.9872] device (enp0s3): state change: disconnected -> prepare (reason 'none') [30 40 0]
Sep 13 16:14:18 dardeshana-VirtualBox NetworkManager[737]: <info>  [1505333658.9883] manager: NetworkManager state is now CONNECTING
Sep 13 16:14:18 dardeshana-VirtualBox NetworkManager[737]: <info>  [1505333658.9986] device (enp0s3): state change: prepare -> config (reason 'none') [40 50 0]
Sep 13 16:14:19 dardeshana-VirtualBox NetworkManager[737]: <info>  [1505333659.0048] device (enp0s3): state change: config -> ip-config (reason 'none') [50 70 0]
Sep 13 16:14:19 dardeshana-VirtualBox NetworkManager[737]: <info>  [1505333659.0149] dhcp4 (enp0s3): activation: beginning transaction (timeout in 45 seconds)
Sep 13 16:14:19 dardeshana-VirtualBox NetworkManager[737]: <info>  [1505333659.1201] dhcp4 (enp0s3): dhclient started with pid 841
Sep 13 16:14:19 dardeshana-VirtualBox dhclient[841]: DHCPDISCOVER on enp0s3 to 255.255.255.255 port 67 interval 3 (xid=0x2862e51d)
Sep 13 16:14:19 dardeshana-VirtualBox dhclient[841]: DHCPREQUEST of 10.0.2.15 on enp0s3 to 255.255.255.255 port 67 (xid=0x1de56228)
Sep 13 16:14:19 dardeshana-VirtualBox dhclient[841]: DHCPOFFER of 10.0.2.15 from 10.0.2.2
Sep 13 16:14:19 dardeshana-VirtualBox dhclient[841]: DHCPACK of 10.0.2.15 from 10.0.2.2
Sep 13 16:14:19 dardeshana-VirtualBox NetworkManager[737]: <info>  [1505333659.1568]   address 10.0.2.15
Sep 13 16:14:19 dardeshana-VirtualBox NetworkManager[737]: <info>  [1505333659.1573]   plen 24 (255.255.255.0)
Sep 13 16:14:19 dardeshana-VirtualBox NetworkManager[737]: <info>  [1505333659.1575]   gateway 10.0.2.2
Sep 13 16:14:19 dardeshana-VirtualBox NetworkManager[737]: <info>  [1505333659.1576]   server identifier 10.0.2.2
Sep 13 16:14:19 dardeshana-VirtualBox NetworkManager[737]: <info>  [1505333659.1585]   lease time 86400
Sep 13 16:14:19 dardeshana-VirtualBox NetworkManager[737]: <info>  [1505333659.1589]   nameserver '128.235.251.187'
Sep 13 16:14:19 dardeshana-VirtualBox NetworkManager[737]: <info>  [1505333659.1591]   nameserver '128.235.251.109'
Sep 13 16:14:19 dardeshana-VirtualBox NetworkManager[737]: <info>  [1505333659.1593]   domain name 'resource.campus.njit.edu'
Sep 13 16:14:19 dardeshana-VirtualBox NetworkManager[737]: <info>  [1505333659.1597] dhcp4 (enp0s3): state changed unknown -> bound
Sep 13 16:14:19 dardeshana-VirtualBox avahi-daemon[697]: Joining mDNS multicast group on interface enp0s3.IPv4 with address 10.0.2.15.
Sep 13 16:14:19 dardeshana-VirtualBox avahi-daemon[697]: New relevant interface enp0s3.IPv4 for mDNS.
Sep 13 16:14:19 dardeshana-VirtualBox avahi-daemon[697]: Registering new address record for 10.0.2.15 on enp0s3.IPv4.
Sep 13 16:14:19 dardeshana-VirtualBox NetworkManager[737]: <info>  [1505333659.1691] device (enp0s3): state change: ip-config -> ip-check (reason 'none') [70 80 0]
Sep 13 16:14:19 dardeshana-VirtualBox NetworkManager[737]: <info>  [1505333659.1818] device (enp0s3): state change: ip-check -> secondaries (reason 'none') [80 90 0]
Sep 13 16:14:19 dardeshana-VirtualBox dhclient[841]: bound to 10.0.2.15 -- renewal in 40518 seconds.
Sep 13 16:14:19 dardeshana-VirtualBox NetworkManager[737]: <info>  [1505333659.1891] device (enp0s3): state change: secondaries -> activated (reason 'none') [90 100 0]
Sep 13 16:14:19 dardeshana-VirtualBox NetworkManager[737]: <info>  [1505333659.1906] manager: NetworkManager state is now CONNECTED_LOCAL
Sep 13 16:14:19 dardeshana-VirtualBox NetworkManager[737]: <info>  [1505333659.1930] manager: NetworkManager state is now CONNECTED_GLOBAL
Sep 13 16:14:19 dardeshana-VirtualBox NetworkManager[737]: <info>  [1505333659.1947] policy: set 'Wired connection 1' (enp0s3) as default for IPv4 routing and DNS
Sep 13 16:14:19 dardeshana-VirtualBox NetworkManager[737]: <info>  [1505333659.2001] dns-plugin[0x1fc3cd0]: starting dnsmasq...
Sep 13 16:14:19 dardeshana-VirtualBox NetworkManager[737]: <info>  [1505333659.2891] dns-mgr: Writing DNS information to /sbin/resolvconf
Sep 13 16:14:19 dardeshana-VirtualBox dnsmasq[853]: started, version 2.75 cache disabled
Sep 13 16:14:19 dardeshana-VirtualBox dnsmasq[853]: compile time options: IPv6 GNU-getopt DBus i18n IDN DHCP DHCPv6 no-Lua TFTP conntrack ipset auth DNSSEC loop-detect inotify
Sep 13 16:14:19 dardeshana-VirtualBox dnsmasq[853]: DBus support enabled: connected to system bus
Sep 13 16:14:19 dardeshana-VirtualBox dnsmasq[853]: warning: no upstream servers configured
Sep 13 16:14:19 dardeshana-VirtualBox NetworkManager[737]: <info>  [1505333659.5045] device (enp0s3): Activation: successful, device activated.
Sep 13 16:14:19 dardeshana-VirtualBox nm-dispatcher: req:2 'up' [enp0s3]: new request (1 scripts)
Sep 13 16:14:19 dardeshana-VirtualBox nm-dispatcher: req:2 'up' [enp0s3]: start running ordered scripts...
Sep 13 16:14:19 dardeshana-VirtualBox NetworkManager[737]: <info>  [1505333659.5167] dnsmasq[0x1fc3cd0]: dnsmasq appeared as :1.16
Sep 13 16:14:19 dardeshana-VirtualBox dnsmasq[853]: setting upstream servers from DBus
Sep 13 16:14:19 dardeshana-VirtualBox dnsmasq[853]: using nameserver 128.235.251.187#53(via enp0s3)
Sep 13 16:14:19 dardeshana-VirtualBox dnsmasq[853]: using nameserver 128.235.251.109#53(via enp0s3)
Sep 13 16:14:19 dardeshana-VirtualBox systemd[1]: Created slice User Slice of lightdm.
Sep 13 16:14:19 dardeshana-VirtualBox systemd[1]: Starting User Manager for UID 108...
Sep 13 16:14:19 dardeshana-VirtualBox systemd[1]: Started Session c1 of user lightdm.
Sep 13 16:14:19 dardeshana-VirtualBox systemd[955]: Reached target Paths.
Sep 13 16:14:19 dardeshana-VirtualBox systemd[955]: Reached target Timers.
Sep 13 16:14:19 dardeshana-VirtualBox systemd[955]: Reached target Sockets.
Sep 13 16:14:19 dardeshana-VirtualBox systemd[955]: Reached target Basic System.
Sep 13 16:14:19 dardeshana-VirtualBox systemd[955]: Reached target Default.
Sep 13 16:14:19 dardeshana-VirtualBox systemd[955]: Startup finished in 80ms.
Sep 13 16:14:19 dardeshana-VirtualBox systemd[1]: Started User Manager for UID 108.
Sep 13 16:14:20 dardeshana-VirtualBox org.a11y.atspi.Registry[1031]: SpiRegistry daemon is running with well-known name - org.a11y.atspi.Registry
Sep 13 16:14:20 dardeshana-VirtualBox avahi-daemon[697]: Joining mDNS multicast group on interface enp0s3.IPv6 with address fe80::c00a:efc1:3db2:c41e.
Sep 13 16:14:20 dardeshana-VirtualBox avahi-daemon[697]: New relevant interface enp0s3.IPv6 for mDNS.
Sep 13 16:14:20 dardeshana-VirtualBox avahi-daemon[697]: Registering new address record for fe80::c00a:efc1:3db2:c41e on enp0s3.*.
Sep 13 16:14:20 dardeshana-VirtualBox dbus[715]: [system] Activating via systemd: service name='org.bluez' unit='dbus-org.bluez.service'
Sep 13 16:14:20 dardeshana-VirtualBox ModemManager[702]: <info>  Couldn't find support for device at '/sys/devices/pci0000:00/0000:00:03.0': not supported by any plugin
Sep 13 16:14:21 dardeshana-VirtualBox dbus[715]: [system] Activating via systemd: service name='org.freedesktop.RealtimeKit1' unit='rtkit-daemon.service'
Sep 13 16:14:21 dardeshana-VirtualBox systemd[1]: Starting RealtimeKit Scheduling Policy Service...
Sep 13 16:14:21 dardeshana-VirtualBox dbus[715]: [system] Successfully activated service 'org.freedesktop.RealtimeKit1'
Sep 13 16:14:21 dardeshana-VirtualBox systemd[1]: Started RealtimeKit Scheduling Policy Service.
Sep 13 16:14:21 dardeshana-VirtualBox rtkit-daemon[1114]: Successfully called chroot.
Sep 13 16:14:21 dardeshana-VirtualBox rtkit-daemon[1114]: Successfully dropped privileges.
Sep 13 16:14:21 dardeshana-VirtualBox rtkit-daemon[1114]: Successfully limited resources.
Sep 13 16:14:21 dardeshana-VirtualBox rtkit-daemon[1114]: Running.
Sep 13 16:14:21 dardeshana-VirtualBox rtkit-daemon[1114]: Successfully made thread 1113 of process 1113 (n/a) owned by '108' high priority at nice level -11.
Sep 13 16:14:21 dardeshana-VirtualBox rtkit-daemon[1114]: Supervising 1 threads of 1 processes of 1 users.
Sep 13 16:14:21 dardeshana-VirtualBox rtkit-daemon[1114]: Watchdog thread running.
Sep 13 16:14:21 dardeshana-VirtualBox rtkit-daemon[1114]: Canary thread running.
Sep 13 16:14:21 dardeshana-VirtualBox org.gnome.ScreenSaver[1013]: ** (gnome-screensaver:1086): WARNING **: Couldn't get presence status: No such interface 'org.freedesktop.DBus.Properties' on object at path /org/gnome/SessionManager/Presence
Sep 13 16:14:21 dardeshana-VirtualBox org.gnome.ScreenSaver[1013]: ** (gnome-screensaver:1086): WARNING **: screensaver already running in this session
Sep 13 16:14:21 dardeshana-VirtualBox pulseaudio[1113]: [pulseaudio] alsa-util.c: Disabling timer-based scheduling because running inside a VM.
Sep 13 16:14:21 dardeshana-VirtualBox pulseaudio[1113]: [pulseaudio] sink.c: Default and alternate sample rates are the same.
Sep 13 16:14:21 dardeshana-VirtualBox rtkit-daemon[1114]: Supervising 1 threads of 1 processes of 1 users.
Sep 13 16:14:21 dardeshana-VirtualBox rtkit-daemon[1114]: Successfully made thread 1124 of process 1113 (n/a) owned by '108' RT at priority 5.
Sep 13 16:14:21 dardeshana-VirtualBox rtkit-daemon[1114]: Supervising 2 threads of 1 processes of 1 users.
Sep 13 16:14:21 dardeshana-VirtualBox pulseaudio[1113]: [pulseaudio] alsa-util.c: Disabling timer-based scheduling because running inside a VM.
Sep 13 16:14:21 dardeshana-VirtualBox pulseaudio[1113]: [alsa-sink-Intel ICH] alsa-sink.c: ALSA woke us up to write new data to the device, but there was actually nothing to write.
Sep 13 16:14:21 dardeshana-VirtualBox pulseaudio[1113]: [alsa-sink-Intel ICH] alsa-sink.c: Most likely this is a bug in the ALSA driver 'snd_intel8x0'. Please report this issue to the ALSA developers.
Sep 13 16:14:21 dardeshana-VirtualBox pulseaudio[1113]: [alsa-sink-Intel ICH] alsa-sink.c: We were woken up with POLLOUT set -- however a subsequent snd_pcm_avail() returned 0 or another value < min_avail.
Sep 13 16:14:21 dardeshana-VirtualBox rtkit-daemon[1114]: Supervising 2 threads of 1 processes of 1 users.
Sep 13 16:14:22 dardeshana-VirtualBox rtkit-daemon[1114]: Successfully made thread 1125 of process 1113 (n/a) owned by '108' RT at priority 5.
Sep 13 16:14:22 dardeshana-VirtualBox rtkit-daemon[1114]: Supervising 3 threads of 1 processes of 1 users.
Sep 13 16:14:23 dardeshana-VirtualBox pulseaudio[1113]: [alsa-source-Intel ICH] alsa-source.c: ALSA woke us up to read new data from the device, but there was actually nothing to read.
Sep 13 16:14:23 dardeshana-VirtualBox pulseaudio[1113]: [alsa-source-Intel ICH] alsa-source.c: Most likely this is a bug in the ALSA driver 'snd_intel8x0'. Please report this issue to the ALSA developers.
Sep 13 16:14:23 dardeshana-VirtualBox pulseaudio[1113]: [alsa-source-Intel ICH] alsa-source.c: We were woken up with POLLIN set -- however a subsequent snd_pcm_avail() returned 0 or another value < min_avail.
Sep 13 16:14:23 dardeshana-VirtualBox kernel: [   14.825120] sched: RT throttling activated
Sep 13 16:14:23 dardeshana-VirtualBox pulseaudio[1113]: [pulseaudio] authkey.c: Failed to open cookie file '/var/lib/lightdm/.config/pulse/cookie': No such file or directory
Sep 13 16:14:23 dardeshana-VirtualBox pulseaudio[1113]: [pulseaudio] authkey.c: Failed to load authentication key '/var/lib/lightdm/.config/pulse/cookie': No such file or directory
Sep 13 16:14:23 dardeshana-VirtualBox pulseaudio[1113]: [pulseaudio] authkey.c: Failed to open cookie file '/var/lib/lightdm/.pulse-cookie': No such file or directory
Sep 13 16:14:23 dardeshana-VirtualBox pulseaudio[1113]: [pulseaudio] authkey.c: Failed to load authentication key '/var/lib/lightdm/.pulse-cookie': No such file or directory
Sep 13 16:14:24 dardeshana-VirtualBox dbus[715]: [system] Activating via systemd: service name='org.freedesktop.UPower' unit='upower.service'
Sep 13 16:14:24 dardeshana-VirtualBox systemd[1]: Starting Daemon for power management...
Sep 13 16:14:24 dardeshana-VirtualBox dbus[715]: [system] Successfully activated service 'org.freedesktop.UPower'
Sep 13 16:14:24 dardeshana-VirtualBox systemd[1]: Started Daemon for power management.
Sep 13 16:14:24 dardeshana-VirtualBox dbus[715]: [system] Activating via systemd: service name='org.freedesktop.ColorManager' unit='colord.service'
Sep 13 16:14:24 dardeshana-VirtualBox systemd[1]: Starting Manage, Install and Generate Color Profiles...
Sep 13 16:14:24 dardeshana-VirtualBox NetworkManager[737]: <info>  [1505333664.6919] manager: startup complete
Sep 13 16:14:24 dardeshana-VirtualBox systemd[1]: Started Network Manager Wait Online.
Sep 13 16:14:24 dardeshana-VirtualBox systemd[1]: Reached target Network is Online.
Sep 13 16:14:24 dardeshana-VirtualBox systemd[1]: Started Daily apt download activities.
Sep 13 16:14:24 dardeshana-VirtualBox systemd[1]: Started Daily apt upgrade and clean activities.
Sep 13 16:14:24 dardeshana-VirtualBox systemd[1]: Reached target Timers.
Sep 13 16:14:24 dardeshana-VirtualBox systemd[1]: Starting /etc/rc.local Compatibility...
Sep 13 16:14:24 dardeshana-VirtualBox systemd[1]: Started crash report submission daemon.
Sep 13 16:14:24 dardeshana-VirtualBox systemd[1]: Started /etc/rc.local Compatibility.
Sep 13 16:14:24 dardeshana-VirtualBox systemd[1]: Starting Hold until boot process finishes up...
Sep 13 16:14:24 dardeshana-VirtualBox systemd[1]: Started Hold until boot process finishes up.
Sep 13 16:14:24 dardeshana-VirtualBox systemd[1]: Starting Set console scheme...
Sep 13 16:14:24 dardeshana-VirtualBox whoopsie[1147]: [16:14:24] Using lock path: /var/lock/whoopsie/lock
Sep 13 16:14:24 dardeshana-VirtualBox dbus[715]: [system] Successfully activated service 'org.freedesktop.ColorManager'
Sep 13 16:14:24 dardeshana-VirtualBox systemd[1]: Started Getty on tty1.
Sep 13 16:14:24 dardeshana-VirtualBox systemd[1]: Reached target Login Prompts.
Sep 13 16:14:24 dardeshana-VirtualBox systemd[1]: Reached target Multi-User System.
Sep 13 16:14:24 dardeshana-VirtualBox systemd[1]: Reached target Graphical Interface.
Sep 13 16:14:24 dardeshana-VirtualBox systemd[1]: Starting Update UTMP about System Runlevel Changes...
Sep 13 16:14:24 dardeshana-VirtualBox systemd[1]: Started Manage, Install and Generate Color Profiles.
Sep 13 16:14:24 dardeshana-VirtualBox systemd[1]: Started Update UTMP about System Runlevel Changes.
Sep 13 16:14:24 dardeshana-VirtualBox systemd[1]: Started Set console scheme.
Sep 13 16:14:24 dardeshana-VirtualBox systemd[1]: Startup finished in 4.226s (kernel) + 12.073s (userspace) = 16.300s.
Sep 13 16:14:25 dardeshana-VirtualBox whoopsie[1147]: [16:14:25] The default IPv4 route is: /org/freedesktop/NetworkManager/ActiveConnection/0
Sep 13 16:14:25 dardeshana-VirtualBox whoopsie[1147]: [16:14:25] Not a paid data plan: /org/freedesktop/NetworkManager/ActiveConnection/0
Sep 13 16:14:25 dardeshana-VirtualBox whoopsie[1147]: [16:14:25] Found usable connection: /org/freedesktop/NetworkManager/ActiveConnection/0
Sep 13 16:14:26 dardeshana-VirtualBox /usr/lib/snapd/snapd[744]: snapmgr.go:496: DEBUG: Next refresh scheduled for 2017-09-13 16:14:26.345513963 -0400 EDT.
Sep 13 16:14:26 dardeshana-VirtualBox /usr/lib/snapd/snapd[744]: snapmgr.go:422: No snaps to auto-refresh found
Sep 13 16:14:26 dardeshana-VirtualBox snapd[744]: 2017/09/13 16:14:26.823114 snapmgr.go:422: No snaps to auto-refresh found
Sep 13 16:14:28 dardeshana-VirtualBox NetworkManager[737]: <info>  [1505333668.6949] manager: WiFi hardware radio set enabled
Sep 13 16:14:28 dardeshana-VirtualBox NetworkManager[737]: <info>  [1505333668.6950] manager: WWAN hardware radio set enabled
Sep 13 16:14:29 dardeshana-VirtualBox org.gtk.vfs.Daemon[1013]: A connection to the bus can't be made
Sep 13 16:14:29 dardeshana-VirtualBox systemd[1]: Created slice User Slice of dardeshana.
Sep 13 16:14:29 dardeshana-VirtualBox systemd[1]: Starting User Manager for UID 1000...
Sep 13 16:14:29 dardeshana-VirtualBox systemd[1]: Started Session c2 of user dardeshana.
Sep 13 16:14:29 dardeshana-VirtualBox systemd[1191]: Reached target Sockets.
Sep 13 16:14:29 dardeshana-VirtualBox systemd[1191]: Reached target Timers.
Sep 13 16:14:29 dardeshana-VirtualBox systemd[1191]: Reached target Paths.
Sep 13 16:14:29 dardeshana-VirtualBox systemd[1191]: Reached target Basic System.
Sep 13 16:14:29 dardeshana-VirtualBox systemd[1191]: Reached target Default.
Sep 13 16:14:29 dardeshana-VirtualBox systemd[1191]: Startup finished in 113ms.
Sep 13 16:14:29 dardeshana-VirtualBox systemd[1]: Started User Manager for UID 1000.
Sep 13 16:14:30 dardeshana-VirtualBox org.ayatana.bamf[1336]: bamfdaemon start/running, process 1391
Sep 13 16:14:30 dardeshana-VirtualBox org.a11y.Bus[1336]: ** (process:1411): WARNING **: Failed to register client: GDBus.Error:org.freedesktop.DBus.Error.ServiceUnknown: The name org.gnome.SessionManager was not provided by any .service files
Sep 13 16:14:30 dardeshana-VirtualBox org.a11y.Bus[1336]: Activating service name='org.a11y.atspi.Registry'
Sep 13 16:14:30 dardeshana-VirtualBox org.a11y.Bus[1336]: Successfully activated service 'org.a11y.atspi.Registry'
Sep 13 16:14:30 dardeshana-VirtualBox org.a11y.atspi.Registry[1433]: SpiRegistry daemon is running with well-known name - org.a11y.atspi.Registry
Sep 13 16:14:34 dardeshana-VirtualBox gnome-session[1530]: gnome-session-is-accelerated: llvmpipe detected.
Sep 13 16:14:34 dardeshana-VirtualBox rtkit-daemon[1114]: Successfully made thread 1618 of process 1618 (n/a) owned by '1000' high priority at nice level -11.
Sep 13 16:14:34 dardeshana-VirtualBox rtkit-daemon[1114]: Supervising 4 threads of 2 processes of 2 users.
Sep 13 16:14:34 dardeshana-VirtualBox pulseaudio[1618]: [pulseaudio] alsa-util.c: Disabling timer-based scheduling because running inside a VM.
Sep 13 16:14:34 dardeshana-VirtualBox pulseaudio[1618]: [pulseaudio] sink.c: Default and alternate sample rates are the same.
Sep 13 16:14:34 dardeshana-VirtualBox rtkit-daemon[1114]: Supervising 4 threads of 2 processes of 2 users.
Sep 13 16:14:34 dardeshana-VirtualBox rtkit-daemon[1114]: Successfully made thread 1629 of process 1618 (n/a) owned by '1000' RT at priority 5.
Sep 13 16:14:34 dardeshana-VirtualBox rtkit-daemon[1114]: Supervising 5 threads of 2 processes of 2 users.
Sep 13 16:14:34 dardeshana-VirtualBox pulseaudio[1618]: [pulseaudio] alsa-util.c: Disabling timer-based scheduling because running inside a VM.
Sep 13 16:14:34 dardeshana-VirtualBox pulseaudio[1618]: [alsa-sink-Intel ICH] alsa-sink.c: ALSA woke us up to write new data to the device, but there was actually nothing to write.
Sep 13 16:14:34 dardeshana-VirtualBox pulseaudio[1618]: [alsa-sink-Intel ICH] alsa-sink.c: Most likely this is a bug in the ALSA driver 'snd_intel8x0'. Please report this issue to the ALSA developers.
Sep 13 16:14:34 dardeshana-VirtualBox pulseaudio[1618]: [alsa-sink-Intel ICH] alsa-sink.c: We were woken up with POLLOUT set -- however a subsequent snd_pcm_avail() returned 0 or another value < min_avail.
